Starting kit application with the following args:  ['/root/autodl-tmp/envs/isaacsim-clean/lib/python3.12/site-packages/isaacsim/exts/isaacsim.simulation_app/isaacsim/simulation_app/simulation_app.py', '/root/autodl-tmp/envs/isaacsim-clean/lib/python3.12/site-packages/isaacsim/apps/isaacsim.exp.base.python.kit', '--/app/tokens/exe-path=/root/autodl-tmp/envs/isaacsim-clean/lib/python3.12/site-packages/isaacsim/kit', '--/persistent/app/viewport/displayOptions=3094', '--/rtx/materialDb/syncLoads=True', '--/rtx/hydra/materialSyncLoads=True', '--/omni/kit/plugin/syncUsdLoads=True', '--/app/renderer/resolution/width=1280', '--/app/renderer/resolution/height=720', '--/app/window/width=1440', '--/app/window/height=900', '--/renderer/multiGpu/enabled=False', '--/app/fastShutdown=True', '--/app/installSignalHandlers=0', '--ext-folder', '/root/autodl-tmp/envs/isaacsim-clean/lib/python3.12/site-packages/isaacsim/exts', '--ext-folder', '/root/autodl-tmp/envs/isaacsim-clean/lib/python3.12/site-packages/isaacsim/apps', '--/physics/cudaDevice=0', '--/plugins/carb.tasking.plugin/threadCount=32', '--/plugins/omni.tbb.globalcontrol/maxThreadCount=32', '--portable', '--no-window', '--/app/window/hideUi=1', '--allow-root']
Passing the following args to the base kit application:  []
2026-09-18T09:09:51Z [Info] [carb] Logging to file: /root/autodl-tmp/envs/isaacsim-clean/lib/python3.12/site-packages/isaacsim/kit/logs/Kit/Isaac-Sim Python/6.0/kit_20260918_170951.log
[0.091s] [ext: omni.assets.plugins-0.0.0] startup
[0.092s] [ext: omni.blobkey-1.1.2] startup
[0.093s] [ext: omni.kit.async_engine-0.0.3] startup
[0.190s] [ext: omni.client.lib-1.1.1] startup
[0.202s] [ext: omni.client-1.3.0] startup
[0.207s] [ext: omni.protobuf.lib-1.0.0] startup
[0.209s] [ext: omni.grpc.lib-1.0.0] startup
[0.213s] [ext: omni.metrics.core-0.0.3] startup
[0.213s] [ext: omni.datastore-0.0.0] startup
WARNING: All log messages before absl::InitializeLog() is called are written to STDERR
E0000 00:00:1789722591.833403   58532 descriptor_database.cc:633] File already exists in database: grpc/health/v1/health.proto
W0000 00:00:1789722591.833428   58532 message.cc:301] Protobuf GeneratedMessageFactory: File is already registered: grpc/health/v1/health.proto
[0.214s] [ext: omni.gpu_foundation.shadercache.vulkan-1.0.0] startup
[0.216s] [ext: omni.hsscclient-1.1.4] startup
[0.216s] [ext: omni.stats-1.0.1] startup
[0.217s] [ext: omni.ujitso.default-1.0.0] startup
[0.221s] [ext: omni.gpu_foundation-0.0.0] startup
[0.494s] [ext: carb.windowing.plugins-1.0.1] startup
[0.495s] [ext: omni.kit.renderer.init-1.0.1] startup
2026-09-18T09:09:52Z [495ms] [Warning] [omni.platforminfo.plugin] failed to open the default display.  Can't verify X Server version.

|---------------------------------------------------------------------------------------------|
| Driver Version: 580.95.05     | Graphics API: Vulkan
|=============================================================================================|
| GPU | Name                             | Active | LDA | GPU Memory | Vendor-ID | LUID       |
|     |                                  |        |     |            | Device-ID | UUID       |
|     |                                  |        |     |            | Bus-ID    |            |
|---------------------------------------------------------------------------------------------|
| 0   | NVIDIA RTX PRO 6000 Blackwell .. | Yes: 0 |     | 97887   MB | 10de      | 0          |
|     |                                  |        |     |            | 2bb5      | 7f1504bc.. |
|     |                                  |        |     |            | 16        |            |
|=============================================================================================|
| OS: 22.04.5 LTS (Jammy Jellyfish) ubuntu, Version: 22.04.5, Kernel: 5.15.0-78-generic
| Processor: Intel(R) Xeon(R) Platinum 8470Q
| Bare Metal Cores: 104 | Bare Metal Logical Cores: 208
| Core Usage Quota: 22
|---------------------------------------------------------------------------------------------|
| Total Memory (MB): 112640 | Free Memory: 96292
| Total Page/Swap (MB): 0 | Free Page/Swap: 0
|---------------------------------------------------------------------------------------------|
2026-09-18T09:09:52Z [1,241ms] [Warning] [omni.rtx] CPU performance profile is set to powersave. This profile sets the CPU to the lowest frequency reducing performance.
[1.616s] [ext: omni.kit.pipapi-0.0.0] startup
[1.618s] [ext: omni.kit.telemetry-0.5.2] startup
[1.649s] [ext: omni.kit.loop-isaac-1.6.0] startup
[1.651s] [ext: omni.kit.test-2.0.7] startup
[1.710s] [ext: omni.materialx.libs-1.0.9] startup
[1.717s] [ext: omni.gpucompute.plugins-0.0.0] startup
[1.717s] [ext: omni.usd.config-1.0.7] startup
[1.720s] [ext: omni.usd.libs-1.0.3] startup
[1.819s] [ext: omni.iray.libs-0.0.1] startup
[1.825s] [ext: omni.mdl-57.0.3] startup
[1.879s] [ext: omni.mdl.neuraylib-0.2.20] startup
[1.881s] [ext: omni.kit.usd.mdl-1.1.9] startup
[1.996s] [ext: omni.appwindow-1.2.2] startup
[1.999s] [ext: omni.kit.renderer.core-1.2.2] startup
2026-09-18T09:09:53Z [1,963ms] [Warning] [carb.windowing-glfw.plugin] GLFW initialization failed.
2026-09-18T09:09:53Z [1,963ms] [Warning] [carb] Failed to startup plugin carb.windowing-glfw.plugin (interfaces: [carb::windowing::IGLContext v1.0],[carb::windowing::IWindowing v1.5]) (impl: carb.windowing-glfw.plugin)
[2.040s] [ext: omni.kit.renderer.capture-2.0.1] startup
[2.042s] [ext: omni.kit.renderer.imgui-2.0.6] startup
2026-09-18T09:09:53Z [1,988ms] [Warning] [carb.windowing-glfw.plugin] GLFW initialization failed.
2026-09-18T09:09:53Z [1,988ms] [Warning] [carb] Failed to startup plugin carb.windowing-glfw.plugin (interfaces: [carb::windowing::IGLContext v1.0],[carb::windowing::IWindowing v1.5]) (impl: carb.windowing-glfw.plugin)
2026-09-18T09:09:53Z [1,990ms] [Warning] [carb.windowing-glfw.plugin] GLFW initialization failed.
2026-09-18T09:09:53Z [1,990ms] [Warning] [carb] Failed to startup plugin carb.windowing-glfw.plugin (interfaces: [carb::windowing::IGLContext v1.0],[carb::windowing::IWindowing v1.5]) (impl: carb.windowing-glfw.plugin)
[2.127s] [ext: omni.ui-3.2.0] startup
[2.137s] [ext: omni.kit.mainwindow-1.0.3] startup
[2.138s] [ext: carb.audio-0.1.0] startup
[2.143s] [ext: omni.uiaudio-1.0.0] startup
[2.144s] [ext: omni.kit.uiapp-0.0.0] startup
[2.144s] [ext: omni.usd.schema.metrics.assembler-110.1.0] startup
[2.146s] [ext: omni.usd.schema.audio-0.0.1] startup
[2.149s] [ext: omni.usd_resolver-1.0.0] startup
[2.152s] [ext: omni.usd.core-1.8.3] startup
[2.156s] [ext: omni.metropolis.schema-0.0.3] startup
[2.157s] [ext: isaacsim.anim.robot.schema-0.1.1] startup
[2.157s] [ext: omni.usd.schema.anim-0.0.1] startup
[2.177s] [ext: omni.usd.schema.geospatial-0.0.1] startup
[2.180s] [ext: omni.usd.schema.omnigraph-1.0.1] startup
[2.185s] [ext: omni.usd.schema.semantics-0.0.0] startup
[2.187s] [ext: omni.activity.core-1.0.3] startup
[2.188s] [ext: omni.cubric-0.1.0] startup
[2.189s] [ext: omni.graph.exec-0.9.6] startup
[2.189s] [ext: omni.hydra.scene_delegate-0.3.5] startup
[2.193s] [ext: usdrt.scenegraph-7.6.3] startup
[2.218s] [ext: omni.hydra.usdrt_delegate-7.5.2] startup
[2.224s] [ext: omni.inspect-1.0.2] startup
[2.226s] [ext: omni.kit.actions.core-1.0.0] startup
[2.227s] [ext: omni.kit.audiodeviceenum-1.0.2] startup
[2.229s] [ext: omni.kit.commands-1.5.0] startup
[2.232s] [ext: omni.kit.exec.core-0.13.5] startup
[2.233s] [ext: omni.kit.usd_undo-0.1.8] startup
[2.234s] [ext: omni.kit.window.popup_dialog-2.0.25] startup
[2.237s] [ext: omni.kit.widget.nucleus_connector-2.3.1] startup
[2.241s] [ext: omni.timeline-1.1.0] startup
[2.243s] [ext: omni.usd-1.16.0] startup
[2.279s] [ext: omni.graph.core-3.1.2] startup
[2.282s] [ext: omni.kit.notification_manager-1.0.11] startup
[2.284s] [ext: isaacsim.core.deprecation_manager-0.4.2] startup
[2.285s] [ext: isaacsim.replicator.agent.schema-0.1.1] startup
[2.285s] [ext: isaacsim.robot.schema-6.3.7] startup
[2.291s] [ext: isaacsim.robot_motion.schema-0.2.1] startup
[2.291s] [ext: omni.anim.behavior.schema-110.1.0] startup
[2.295s] [ext: omni.anim.graph.schema-110.1.1] startup
[2.301s] [ext: omni.anim.navigation.schema-110.1.0] startup
[2.303s] [ext: omni.behavior.tree.schema-110.1.0] startup
[2.304s] [ext: omni.kit.asset_converter-6.0.1] startup
[2.318s] [ext: omni.usd.schema.flow-110.0.0] startup
[2.319s] [ext: omni.usd.schema.mujoco-1.1.1] startup
[2.319s] [ext: omni.usd.schema.newton-1.2.1] startup
[2.320s] [ext: omni.usd.schema.omni_lens_distortion-1.0.0] startup
[2.320s] [ext: omni.usd.schema.omni_projectors-1.0.0] startup
[2.321s] [ext: omni.usd.schema.omni_sensors-0.0.0] startup
[2.328s] [ext: omni.usd.schema.omniscripting-1.0.1] startup
[2.332s] [ext: omni.usd.schema.physical_lighting-0.1.0] startup
[2.335s] [ext: omni.usd.schema.physx-110.1.13] startup
[2.365s] [ext: omni.usd.schema.render_settings.rtx-1.0.2] startup
[2.368s] [ext: omni.usd.schema.usd_particle_field-1.0.0] startup
[2.369s] [ext: isaacsim.core.version-2.1.1] startup
[2.369s] [ext: omni.kit.menu.core-1.2.0] startup
[2.370s] [ext: omni.kit.menu.utils-2.2.4] startup
[2.376s] [ext: isaacsim.app.about-2.3.1] startup
[2.381s] [ext: isaacsim.asset.transformer-1.2.5] startup
[2.384s] [ext: omni.scene.optimizer.core-110.1.0] startup
[2.442s] [ext: isaacsim.asset.importer.utils-1.8.1] startup
[2.444s] [ext: omni.convexdecomposition-110.1.13] startup
[2.446s] [ext: omni.physics-110.1.13] startup
[2.449s] [ext: omni.physx.gpu-110.1.13] startup
[2.449s] [ext: omni.physx.foundation-110.1.13] startup
[2.451s] [ext: omni.usdphysics-110.1.13] startup
[2.452s] [ext: omni.physx.cooking-110.1.13] startup
[2.455s] [ext: omni.physx-110.1.13] startup
[2.464s] [ext: omni.physics.physx-110.1.13] startup
[2.467s] [ext: isaacsim.asset.exporter.urdf-2.0.5] startup
[2.474s] [ext: omni.kit.clipboard-1.1.1] startup
[2.475s] [ext: omni.kit.usd.layers-2.6.1] startup
[2.483s] [ext: omni.kit.widget.context_menu-1.4.0] startup
[2.484s] [ext: omni.kit.context_menu-1.9.0] startup
[2.486s] [ext: omni.kit.helper.file_utils-0.1.10] startup
[2.487s] [ext: omni.kit.widget.nucleus_info-2.0.2] startup
[2.488s] [ext: omni.kit.search_core-1.0.8] startup
[2.488s] [ext: omni.kit.widget.path_field-2.0.13] startup
[2.489s] [ext: omni.kit.widget.browser_bar-2.0.10] startup
[2.489s] [ext: omni.kit.widget.filebrowser-2.13.4] startup
[2.494s] [ext: omni.kit.widget.options_menu-1.1.6] startup
[2.496s] [ext: omni.kit.widget.options_button-1.0.3] startup
[2.497s] [ext: omni.kit.widget.search_delegate-1.0.9] startup
[2.497s] [ext: omni.ui.scene-2.0.3] startup
[2.502s] [ext: omni.kit.window.filepicker-2.15.5] startup
[2.513s] [ext: omni.kit.window.file_importer-1.1.21] startup
[2.515s] [ext: omni.kit.material.library-3.1.2] startup
[2.520s] [ext: isaacsim.asset.transformer.rules-1.7.10] startup
[2.530s] [ext: omni.usdex.libs-2.2.2] startup
[2.538s] [ext: isaacsim.asset.importer.mjcf-3.10.1] startup
[2.540s] [ext: isaacsim.asset.importer.urdf-3.11.2] startup
[2.543s] [ext: omni.kit.primitive.mesh-1.1.0] startup
[2.546s] [ext: omni.kit.stage_template.core-1.1.22] startup
[2.546s] [ext: omni.kit.stage_templates-2.0.2] startup
[2.547s] [ext: omni.usd.metrics.assembler-110.1.2] startup
[2.551s] [ext: omni.warp.core-1.13.0] startup
[2.726s] [ext: isaacsim.core.experimental.utils-0.17.2] startup
[2.727s] [ext: omni.physics.stageupdate-110.1.13] startup
[2.729s] [ext: omni.physics.tensors-110.1.13] startup
[2.733s] [ext: omni.physx.tensors-110.1.13] startup
[2.737s] [ext: isaacsim.core.simulation_manager-1.15.6] startup
[2.751s] [ext: isaacsim.storage.native-1.9.3] startup
[2.752s] [ext: omni.usd.metrics.assembler.physics-110.1.13] startup
[2.753s] [ext: isaacsim.core.utils-4.1.7] startup
[2.756s] [ext: isaacsim.core.prims-0.11.7] startup
[4.000s] [ext: isaacsim.core.api-5.2.13] startup
[4.008s] [ext: isaacsim.core.cloner-1.7.3] startup
[4.009s] [ext: isaacsim.test.docstring-1.3.2] startup
[4.013s] [ext: isaacsim.core.experimental.prims-1.8.9] startup
[4.036s] [ext: isaacsim.core.experimental.primdata-0.3.2] startup
[4.039s] [ext: omni.graph.tools-1.81.0] startup
[4.061s] [ext: omni.graph-1.142.5] startup
[4.097s] [ext: isaacsim.core.experimental.actuators-0.1.2] startup
[4.116s] [ext: isaacsim.core.experimental.materials-0.7.1] startup
[4.119s] [ext: isaacsim.core.experimental.objects-0.8.1] startup
[4.180s] [ext: omni.hydra.engine.stats-1.0.5] startup
[4.183s] [ext: omni.hydra.rtx.shadercache.vulkan-1.0.0] startup
[4.184s] [ext: omni.index.libs-387500.4413.0] startup
[4.184s] [ext: omni.index-1.0.1] startup
[4.185s] [ext: omni.ujitso.client-0.0.0] startup
[4.185s] [ext: omni.usd.schema.playback-1.0.0] startup
[4.190s] [ext: omni.volume-0.5.2] startup
[4.195s] [ext: omni.hydra.rtx-1.0.4] startup
2026-09-18T09:09:55Z [4,157ms] [Warning] [omni.log] Source: omni.hydra was already registered.
[4.232s] [ext: omni.kit.hydra_texture-1.6.0] startup
[4.236s] [ext: omni.kit.raycast.query-1.2.0] startup
[4.241s] [ext: omni.kit.viewport.legacy_gizmos-1.0.24] startup
[4.244s] [ext: omni.kit.viewport.registry-104.0.6] startup
[4.245s] [ext: omni.kit.viewport.scene_camera_model-1.0.7] startup
[4.250s] [ext: omni.kit.widget.viewport-109.2.0] startup
[4.254s] [ext: omni.kit.window.drop_support-1.0.8] startup
[4.255s] [ext: omni.kit.viewport.window-109.0.2] startup
[4.273s] [ext: omni.kit.viewport.utility-2.0.1] startup
[4.274s] [ext: isaacsim.core.rendering_manager-0.4.3] startup
[4.293s] [ext: omni.graph.action_core-1.1.9] startup
[4.296s] [ext: omni.graph.action_nodes_core-2.11.0] startup
[4.299s] [ext: omni.graph.action_nodes-2.11.0] startup
[4.334s] [ext: omni.graph.action-2.10.2] startup
[4.336s] [ext: omni.graph.image.core-0.6.1] startup
[4.337s] [ext: omni.graph.image.nodes-1.3.1] startup
[4.338s] [ext: omni.graph.nodes_core-2.11.0] startup
[4.345s] [ext: omni.graph.nodes-2.12.0] startup
[4.351s] [ext: omni.kit.hotkeys.core-1.3.12] startup
[4.352s] [ext: omni.kit.property.adapter.core-1.1.1] startup
[4.355s] [ext: omni.kit.property.adapter.usd-1.0.5] startup
[4.356s] [ext: omni.kit.widget.filter-1.1.5] startup
[4.358s] [ext: omni.kit.widget.highlight_label-1.0.3] startup
[4.359s] [ext: omni.kit.widget.searchfield-1.1.8] startup
[4.360s] [ext: omni.kit.window.file_exporter-1.0.36] startup
[4.362s] [ext: omni.kit.widget.stage-4.4.0] startup
[4.372s] [ext: omni.kit.window.content_browser_registry-0.0.6] startup
[4.373s] [ext: omni.kit.window.file-2.0.10] startup
[4.376s] [ext: omni.kit.window.content_browser-3.1.8] startup
[4.386s] [ext: omni.kit.window.property-1.15.1] startup
[4.398s] [ext: omni.kit.property.usd-4.9.4] startup
[4.409s] [ext: omni.graph.scriptnode-2.10.2] startup
[4.421s] [ext: omni.kit.widget.searchable_combobox-1.0.7] startup
[4.423s] [ext: omni.kit.widget.settings-2.0.0] startup
[4.425s] [ext: omni.kit.window.preferences-1.8.3] startup
[4.430s] [ext: omni.kit.viewport.menubar.core-107.2.2] startup
[4.443s] [ext: omni.syntheticdata-0.6.15] startup
[4.479s] [ext: omni.replicator.nv-1.1.1] startup
[4.487s] [ext: omni.videoencoding-0.2.1] startup
[4.489s] [ext: omni.replicator.core-1.13.27] startup
2026-09-18T09:09:56Z [4,443ms] [Warning] [pxr.Semantics] pxr.Semantics is deprecated - please use Semantics instead
Warp 1.13.0 initialized:
   CUDA Toolkit 12.9, Driver 13.0
   Devices:
     "cpu"      : "x86_64"
     "cuda:0"   : "NVIDIA RTX PRO 6000 Blackwell Server Edition" (95 GiB, sm_120, mempool enabled)
   Kernel cache:
     /root/.cache/warp/1.13.0
2026-09-18T09:09:56Z [4,528ms] [Warning] [omni.replicator.core.scripts.extension] No material configuration file, adding configuration to material settings directly.
[4.731s] [ext: isaacsim.core.nodes-5.10.5] startup
[4.769s] [ext: isaacsim.core.throttling-2.3.5] startup
[4.771s] [ext: omni.kit.manipulator.viewport-107.0.1] startup
[4.772s] [ext: omni.graph.visualization.nodes-2.1.4] startup
[4.789s] [ext: omni.kit.window.extensions-1.5.10] startup
[4.795s] [ext: isaacsim.gui.components-1.8.5] startup
[4.800s] [ext: isaacsim.robot.surface_gripper-3.6.2] startup
[4.813s] [ext: isaacsim.robot.manipulators-3.4.4] startup
[4.825s] [ext: isaacsim.robot_motion.lula-4.1.3] startup
[4.833s] [ext: isaacsim.robot_motion.motion_generation-8.2.9] startup
[4.840s] [ext: isaacsim.cortex.framework-1.0.18] startup
[4.842s] [ext: isaacsim.cortex.behaviors-2.0.17] startup
[4.844s] [ext: isaacsim.examples.base-1.3.2] startup
[4.846s] [ext: omni.kit.widget.zoombar-1.0.7] startup
[4.847s] [ext: omni.kit.browser.core-2.3.18] startup
[4.851s] [ext: omni.kit.browser.folder.core-2.0.2] startup
[4.855s] [ext: omni.kit.widget.stage_icons-1.0.8] startup
[4.857s] [ext: omni.kit.window.stage-2.6.1] startup
[4.860s] [ext: omni.kit.menu.stage-1.2.7] startup
[4.862s] [ext: omni.kit.usd.collect-3.0.6] startup
[4.865s] [ext: omni.kit.widget.prompt-1.0.7] startup
[4.866s] [ext: omni.kit.tool.collect-2.2.19] startup
[4.868s] [ext: isaacsim.examples.browser-0.3.2] startup
[4.871s] [ext: omni.kit.search.files-1.0.4] startup
[4.872s] [ext: omni.kit.widget.calendar-1.0.9] startup
[4.873s] [ext: omni.kit.widget.extended_searchfield-1.0.31] startup
[4.882s] [ext: omni.simready.content.browser-0.3.7] startup
[4.974s] [ext: isaacsim.gui.content_browser-0.4.3] startup
[4.976s] [ext: omni.kit.selection-0.1.6] startup
[4.978s] [ext: isaacsim.gui.menu-2.10.5] startup
[4.986s] [ext: isaacsim.gui.property-1.6.4] startup
[4.993s] [ext: omni.kit.viewport.actions-110.0.0] startup
[4.997s] [ext: omni.kit.viewport.menubar.display-107.1.3] startup
[4.999s] [ext: isaacsim.gui.sensors.icon-2.2.1] startup
[5.003s] [ext: omni.behavior.scripting.core-110.1.0] startup
[5.006s] [ext: isaacsim.replicator.behavior-1.5.4] startup
[5.007s] [ext: isaacsim.replicator.experimental.domain_randomization-1.2.5] startup
[5.027s] [ext: isaacsim.replicator.domain_randomization-1.2.2] startup
[5.106s] [ext: isaacsim.replicator.writers-1.5.4] startup
[5.135s] [ext: isaacsim.robot.experimental.wheeled_robots-0.2.11] startup
[5.156s] [ext: isaacsim.robot.policy.examples-5.2.12] startup
[5.177s] [ext: isaacsim.robot.wheeled_robots-5.2.4] startup
[5.182s] [ext: isaacsim.robot.wheeled_robots.nodes-0.1.5] startup
[5.207s] [ext: isaacsim.robot_motion.experimental.motion_generation-6.1.3] startup
[5.218s] [ext: isaacsim.robot_motion.cumotion-1.3.1] startup
[5.232s] [ext: omni.kit.numpy.common-0.1.3] startup
[5.233s] [ext: isaacsim.sensors.camera-1.7.9] startup
[5.262s] [ext: isaacsim.sensors.experimental.physics-3.0.2] startup
[5.271s] [ext: omni.sensors.net-1.0.1] startup
[5.277s] [ext: omni.sensors.nv.common-3.0.0] startup
[5.292s] [ext: omni.sensors.nv.materials-2.0.0] startup
[5.295s] [ext: omni.sensors.nv.acoustic-3.0.0] startup
[5.299s] [ext: omni.sensors.nv.ids-2.0.1] startup
[5.301s] [ext: omni.sensors.nv.lidar-3.0.0] startup
[5.305s] [ext: omni.sensors.nv.radar-3.0.0] startup
[5.309s] [ext: isaacsim.sensors.experimental.rtx-1.4.6] startup
[5.523s] [ext: isaacsim.sensors.physics.nodes-1.5.3] startup
[5.532s] [ext: isaacsim.util.debug_draw-3.2.3] startup
[5.538s] [ext: isaacsim.sensors.physx-2.5.5] startup
[5.547s] [ext: isaacsim.sensors.rtx-15.17.1] startup
[5.562s] [ext: isaacsim.simulation_app-2.18.4] startup
[5.562s] [ext: omni.anim.curve.core-1.6.0] startup
[5.574s] [ext: omni.graph.ui_nodes-2.11.1] startup
[5.608s] [ext: omni.hydra.scene_api-0.1.3] startup
[5.614s] [ext: omni.kit.manipulator.camera-110.0.0] startup
[5.618s] [ext: omni.kit.manipulator.selector-1.1.4] startup
[5.620s] [ext: omni.kit.manipulator.transform-107.0.0] startup
[5.624s] [ext: omni.kit.widget.toolbar-2.1.0] startup
[5.631s] [ext: omni.kit.manipulator.tool.snap-1.5.14] startup
[5.635s] [ext: omni.kit.viewport.manipulator.transform-107.0.4] startup
[5.637s] [ext: omni.kit.manipulator.prim.core-108.0.2] startup
[5.644s] [ext: omni.kit.manipulator.prim.usd-107.0.3] startup
[5.645s] [ext: omni.kit.manipulator.prim-108.0.0] startup
[5.646s] [ext: omni.kit.manipulator.selection-109.0.1] startup
[5.647s] [ext: omni.kit.menu.create-2.0.2] startup
[5.649s] [ext: omni.kit.property.audio-1.0.16] startup
[5.653s] [ext: omni.kit.property.camera-1.0.14] startup
[5.655s] [ext: omni.kit.property.geometry-2.1.2] startup
[5.659s] [ext: omni.kit.property.light-1.0.14] startup
2026-09-18T09:09:57Z [5,635ms] [Warning] [omni.usd] Encountered USD Warnings but USD Diagnostics are currently muted. To view USD Warnings, please set the '/persistent/app/usd/muteUsdDiagnostics' setting to false in Preferences page.
[5.734s] [ext: omni.kit.property.material-1.14.6] startup
[5.740s] [ext: omni.kit.property.render-1.2.2] startup
[5.743s] [ext: omni.kit.property.transform-1.6.9] startup
[5.746s] [ext: omni.kit.property.bundle-1.5.1] startup
[5.748s] [ext: omni.kit.usdz_export-1.1.0] startup
[5.751s] [ext: omni.kit.tool.asset_importer-6.0.1] startup
[5.756s] [ext: omni.kit.ui.actions-1.0.5] startup
[5.758s] [ext: omni.kit.viewport.menubar.camera-107.0.10] startup
[5.763s] [ext: omni.kit.viewport.menubar.lighting-107.3.2] startup
[5.766s] [ext: omni.kit.viewport.menubar.render-110.0.0] startup
[5.769s] [ext: omni.kit.viewport.menubar.settings-110.0.1] startup
[5.773s] [ext: omni.kit.window.console-1.1.9] startup
[5.777s] [ext: omni.kit.window.status_bar-0.1.11] startup
[5.780s] [ext: omni.kit.window.toolbar-3.0.3] startup
[5.782s] [ext: omni.ocio-0.1.1] startup
[5.784s] [ext: omni.physx.commands-110.1.13] startup
[5.787s] [ext: omni.replicator.replicator_yaml-2.0.12] startup
[5.799s] [ext: omni.rtx.window.settings-0.8.0] startup
[5.804s] [ext: omni.rtx.settings.core-0.7.1] startup
[5.807s] [ext: omni.usd.metrics.assembler.ui-110.1.1] startup
[5.815s] [ext: semantics.schema.editor-2.0.2] startup
[5.818s] [ext: semantics.schema.property-2.0.2] startup
[5.820s] [ext: omni.kit.menu.common-2.0.2] startup
[5.822s] [ext: isaacsim.exp.base-6.0.1] startup
[5.822s] [ext: isaacsim.exp.base.python-6.0.1] startup
[5.825s] Simulation App Starting
[8.481s] Simulation App Startup Complete
[8.492s] app ready
2026-09-18T09:10:00Z [9,111ms] [Warning] [rtx.hydra] Camera '/World/Rig/Sensors/C6_surround_right_down': Projection type 'fisheyePolynomial' is deprecated. Please use 'opencvFisheye', 'opencvPinhole', 'lut', or 'omniDirectionalStereo' instead.
2026-09-18T09:10:00Z [9,111ms] [Warning] [rtx.hydra] Camera '/World/Rig/Sensors/C3_surround_left_up': Projection type 'fisheyePolynomial' is deprecated. Please use 'opencvFisheye', 'opencvPinhole', 'lut', or 'omniDirectionalStereo' instead.
2026-09-18T09:10:00Z [9,111ms] [Warning] [rtx.hydra] Camera '/World/Rig/Sensors/C5_surround_right_up': Projection type 'fisheyePolynomial' is deprecated. Please use 'opencvFisheye', 'opencvPinhole', 'lut', or 'omniDirectionalStereo' instead.
2026-09-18T09:10:00Z [9,111ms] [Warning] [rtx.hydra] Camera '/World/Rig/Sensors/C2_front_right': Projection type 'fisheyePolynomial' is deprecated. Please use 'opencvFisheye', 'opencvPinhole', 'lut', or 'omniDirectionalStereo' instead.
2026-09-18T09:10:00Z [9,111ms] [Warning] [rtx.hydra] Camera '/World/Rig/Sensors/C4_surround_left_down': Projection type 'fisheyePolynomial' is deprecated. Please use 'opencvFisheye', 'opencvPinhole', 'lut', or 'omniDirectionalStereo' instead.
2026-09-18T09:10:00Z [9,111ms] [Warning] [rtx.hydra] Camera '/World/Rig/Sensors/C1_front_left': Projection type 'fisheyePolynomial' is deprecated. Please use 'opencvFisheye', 'opencvPinhole', 'lut', or 'omniDirectionalStereo' instead.
2026-09-18T09:10:01Z [9,548ms] [Warning] [omni.syntheticdata.plugin] OgnSdPostRenderVarToHost : rendervar copy from texture directly to host buffer is counter-performant. Please use copy from texture to device buffer first.
CAPTURE ideal C0 mapped pixels 0
2026-09-18T09:10:02Z [11,305ms] [Warning] [rtx.hydra] Camera '/World/Rig/Sensors/C1_front_left': Projection type 'fisheyePolynomial' is deprecated. Please use 'opencvFisheye', 'opencvPinhole', 'lut', or 'omniDirectionalStereo' instead.
CAPTURE ideal C1 mapped pixels 0
2026-09-18T09:10:04Z [12,627ms] [Warning] [rtx.hydra] Camera '/World/Rig/Sensors/C2_front_right': Projection type 'fisheyePolynomial' is deprecated. Please use 'opencvFisheye', 'opencvPinhole', 'lut', or 'omniDirectionalStereo' instead.
CAPTURE ideal C2 mapped pixels 0
2026-09-18T09:10:05Z [13,885ms] [Warning] [rtx.hydra] Camera '/World/Rig/Sensors/C3_surround_left_up': Projection type 'fisheyePolynomial' is deprecated. Please use 'opencvFisheye', 'opencvPinhole', 'lut', or 'omniDirectionalStereo' instead.
CAPTURE ideal C3 mapped pixels 0
2026-09-18T09:10:06Z [14,685ms] [Warning] [rtx.hydra] Camera '/World/Rig/Sensors/C4_surround_left_down': Projection type 'fisheyePolynomial' is deprecated. Please use 'opencvFisheye', 'opencvPinhole', 'lut', or 'omniDirectionalStereo' instead.
CAPTURE ideal C4 mapped pixels 0
2026-09-18T09:10:07Z [15,434ms] [Warning] [carb] Client omni.hydratexture.plugin has acquired [carb::settings::ISettings v1.1] 100 times. Consider accessing this interface with carb::getCachedInterface() (Performance warning)
2026-09-18T09:10:07Z [15,496ms] [Warning] [rtx.hydra] Camera '/World/Rig/Sensors/C5_surround_right_up': Projection type 'fisheyePolynomial' is deprecated. Please use 'opencvFisheye', 'opencvPinhole', 'lut', or 'omniDirectionalStereo' instead.
CAPTURE ideal C5 mapped pixels 0
2026-09-18T09:10:07Z [16,180ms] [Warning] [carb] Client omni.hydratexture.plugin has acquired [carb::dictionary::IDictionary v1.2] 100 times. Consider accessing this interface with carb::getCachedInterface() (Performance warning)
2026-09-18T09:10:07Z [16,246ms] [Warning] [rtx.hydra] Camera '/World/Rig/Sensors/C6_surround_right_down': Projection type 'fisheyePolynomial' is deprecated. Please use 'opencvFisheye', 'opencvPinhole', 'lut', or 'omniDirectionalStereo' instead.
CAPTURE ideal C6 mapped pixels 0
CAPTURE body C0 mapped pixels 0
CAPTURE body C1 mapped pixels 0
CAPTURE body C2 mapped pixels 0
CAPTURE body C3 mapped pixels 30864
CAPTURE body C4 mapped pixels 31204
CAPTURE body C5 mapped pixels 46073
CAPTURE body C6 mapped pixels 47544
2026-09-18T09:10:15Z [24,042ms] [Warning] [carb] Client omni.kit.viewport.legacy_gizmos has acquired [carb::settings::ISettings v1.1] 100 times. Consider accessing this interface with carb::getCachedInterface() (Performance warning)
2026-09-18T09:10:15Z [24,042ms] [Warning] [carb] Client omni.kit.viewport.legacy_gizmos has acquired [carb::dictionary::IDictionary v1.2] 100 times. Consider accessing this interface with carb::getCachedInterface() (Performance warning)
CAPTURE worn C0 mapped pixels 0
CAPTURE worn C1 mapped pixels 0
CAPTURE worn C2 mapped pixels 0
CAPTURE worn C3 mapped pixels 127685
CAPTURE worn C4 mapped pixels 168618
CAPTURE worn C5 mapped pixels 134387
CAPTURE worn C6 mapped pixels 177572
2026-09-18T09:10:22Z [30,968ms] [Warning] [carb] Plugin interface for a client: omni.hydratexture.plugin was already released.
2026-09-18T09:10:22Z [31,139ms] [Warning] [rtx.hydra] Camera '/World/Rig/Sensors/C6_surround_right_down': Projection type 'fisheyePolynomial' is deprecated. Please use 'opencvFisheye', 'opencvPinhole', 'lut', or 'omniDirectionalStereo' instead.
2026-09-18T09:10:22Z [31,139ms] [Warning] [rtx.hydra] Camera '/World/Rig/Sensors/C3_surround_left_up': Projection type 'fisheyePolynomial' is deprecated. Please use 'opencvFisheye', 'opencvPinhole', 'lut', or 'omniDirectionalStereo' instead.
2026-09-18T09:10:22Z [31,139ms] [Warning] [rtx.hydra] Camera '/World/Rig/Sensors/C5_surround_right_up': Projection type 'fisheyePolynomial' is deprecated. Please use 'opencvFisheye', 'opencvPinhole', 'lut', or 'omniDirectionalStereo' instead.
2026-09-18T09:10:22Z [31,139ms] [Warning] [rtx.hydra] Camera '/World/Rig/Sensors/C2_front_right': Projection type 'fisheyePolynomial' is deprecated. Please use 'opencvFisheye', 'opencvPinhole', 'lut', or 'omniDirectionalStereo' instead.
2026-09-18T09:10:22Z [31,139ms] [Warning] [rtx.hydra] Camera '/World/Rig/Sensors/C4_surround_left_down': Projection type 'fisheyePolynomial' is deprecated. Please use 'opencvFisheye', 'opencvPinhole', 'lut', or 'omniDirectionalStereo' instead.
2026-09-18T09:10:22Z [31,139ms] [Warning] [rtx.hydra] Camera '/World/Rig/Sensors/C1_front_left': Projection type 'fisheyePolynomial' is deprecated. Please use 'opencvFisheye', 'opencvPinhole', 'lut', or 'omniDirectionalStereo' instead.
LABEL_PROJECTION {'camera_id': 'C0', 'off_axis_deg': 0, 'rgb_centroid': [960.0882352941177, 540.0882352941177], 'label_centroid': None, 'centroid_difference_px': None, 'label_projection_error_px': None, 'rgb_pixels': 17, 'label_pixels': 0, 'status': 'FAIL'}
2026-09-18T09:10:23Z [31,936ms] [Warning] [rtx.hydra] Camera '/World/Rig/Sensors/C1_front_left': Projection type 'fisheyePolynomial' is deprecated. Please use 'opencvFisheye', 'opencvPinhole', 'lut', or 'omniDirectionalStereo' instead.
LABEL_PROJECTION {'camera_id': 'C1', 'off_axis_deg': 75, 'rgb_centroid': [1550.0, 650.0], 'label_centroid': None, 'centroid_difference_px': None, 'label_projection_error_px': None, 'rgb_pixels': 50, 'label_pixels': 0, 'status': 'FAIL'}
2026-09-18T09:10:24Z [32,394ms] [Warning] [rtx.hydra] Camera '/World/Rig/Sensors/C3_surround_left_up': Projection type 'fisheyePolynomial' is deprecated. Please use 'opencvFisheye', 'opencvPinhole', 'lut', or 'omniDirectionalStereo' instead.
LABEL_PROJECTION {'camera_id': 'C3', 'off_axis_deg': 95, 'rgb_centroid': [954.5, 480.0], 'label_centroid': None, 'centroid_difference_px': None, 'label_projection_error_px': None, 'rgb_pixels': 12, 'label_pixels': 0, 'status': 'FAIL'}
LABEL_PROJECTION {'camera_id': 'C3', 'off_axis_deg': 105, 'rgb_centroid': [998.2142857142857, 480.0], 'label_centroid': None, 'centroid_difference_px': None, 'label_projection_error_px': None, 'rgb_pixels': 14, 'label_pixels': 0, 'status': 'FAIL'}
2026-09-18T09:10:24Z [33,095ms] [Warning] [rtx.hydra] Camera '/World/Rig/Sensors/C4_surround_left_down': Projection type 'fisheyePolynomial' is deprecated. Please use 'opencvFisheye', 'opencvPinhole', 'lut', or 'omniDirectionalStereo' instead.
LABEL_PROJECTION {'camera_id': 'C4', 'off_axis_deg': 105, 'rgb_centroid': [998.3571428571429, 479.7142857142857], 'label_centroid': None, 'centroid_difference_px': None, 'label_projection_error_px': None, 'rgb_pixels': 14, 'label_pixels': 0, 'status': 'FAIL'}
2026-09-18T09:10:25Z [33,480ms] [Warning] [rtx.hydra] Camera '/World/Rig/Sensors/C5_surround_right_up': Projection type 'fisheyePolynomial' is deprecated. Please use 'opencvFisheye', 'opencvPinhole', 'lut', or 'omniDirectionalStereo' instead.
LABEL_PROJECTION {'camera_id': 'C5', 'off_axis_deg': 105, 'rgb_centroid': [998.2142857142857, 480.0], 'label_centroid': None, 'centroid_difference_px': None, 'label_projection_error_px': None, 'rgb_pixels': 14, 'label_pixels': 0, 'status': 'FAIL'}
2026-09-18T09:10:25Z [33,831ms] [Warning] [rtx.hydra] Camera '/World/Rig/Sensors/C6_surround_right_down': Projection type 'fisheyePolynomial' is deprecated. Please use 'opencvFisheye', 'opencvPinhole', 'lut', or 'omniDirectionalStereo' instead.
LABEL_PROJECTION {'camera_id': 'C6', 'off_axis_deg': 105, 'rgb_centroid': [998.3571428571429, 479.7142857142857], 'label_centroid': None, 'centroid_difference_px': None, 'label_projection_error_px': None, 'rgb_pixels': 14, 'label_pixels': 0, 'status': 'FAIL'}
2026-09-18T09:10:25Z [34,202ms] [Warning] [carb] Plugin interface for a client: omni.hydratexture.plugin was already released.
[34.332s] Simulation App Shutting Down
