Starting kit application with the following args:  ['/root/autodl-tmp/envs/isaacsim-clean/lib/python3.12/site-packages/isaacsim/exts/isaacsim.simulation_app/isaacsim/simulation_app/simulation_app.py', '/root/autodl-tmp/envs/isaacsim-clean/lib/python3.12/site-packages/isaacsim/apps/isaacsim.exp.base.python.kit', '--/app/tokens/exe-path=/root/autodl-tmp/envs/isaacsim-clean/lib/python3.12/site-packages/isaacsim/kit', '--/persistent/app/viewport/displayOptions=3094', '--/rtx/materialDb/syncLoads=True', '--/rtx/hydra/materialSyncLoads=True', '--/omni/kit/plugin/syncUsdLoads=True', '--/app/renderer/resolution/width=1280', '--/app/renderer/resolution/height=960', '--/app/window/width=1440', '--/app/window/height=900', '--/renderer/multiGpu/enabled=False', '--/app/fastShutdown=True', '--/app/installSignalHandlers=0', '--ext-folder', '/root/autodl-tmp/envs/isaacsim-clean/lib/python3.12/site-packages/isaacsim/exts', '--ext-folder', '/root/autodl-tmp/envs/isaacsim-clean/lib/python3.12/site-packages/isaacsim/apps', '--/physics/cudaDevice=0', '--/plugins/carb.tasking.plugin/threadCount=32', '--/plugins/omni.tbb.globalcontrol/maxThreadCount=32', '--portable', '--no-window', '--/app/window/hideUi=1', '--allow-root']
Passing the following args to the base kit application:  ['--task', 'all']
2026-09-18T08:13:56Z [Info] [carb] Logging to file: /root/autodl-tmp/envs/isaacsim-clean/lib/python3.12/site-packages/isaacsim/kit/logs/Kit/Isaac-Sim Python/6.0/kit_20260918_161356.log
[0.072s] [ext: omni.assets.plugins-0.0.0] startup
[0.073s] [ext: omni.blobkey-1.1.2] startup
[0.073s] [ext: omni.kit.async_engine-0.0.3] startup
[0.171s] [ext: omni.client.lib-1.1.1] startup
[0.183s] [ext: omni.client-1.3.0] startup
[0.189s] [ext: omni.protobuf.lib-1.0.0] startup
[0.190s] [ext: omni.grpc.lib-1.0.0] startup
[0.195s] [ext: omni.metrics.core-0.0.3] startup
[0.195s] [ext: omni.datastore-0.0.0] startup
WARNING: All log messages before absl::InitializeLog() is called are written to STDERR
E0000 00:00:1789719236.571874   46657 descriptor_database.cc:633] File already exists in database: grpc/health/v1/health.proto
W0000 00:00:1789719236.571894   46657 message.cc:301] Protobuf GeneratedMessageFactory: File is already registered: grpc/health/v1/health.proto
[0.196s] [ext: omni.gpu_foundation.shadercache.vulkan-1.0.0] startup
[0.198s] [ext: omni.hsscclient-1.1.4] startup
[0.198s] [ext: omni.stats-1.0.1] startup
[0.199s] [ext: omni.ujitso.default-1.0.0] startup
[0.203s] [ext: omni.gpu_foundation-0.0.0] startup
[0.480s] [ext: carb.windowing.plugins-1.0.1] startup
[0.481s] [ext: omni.kit.renderer.init-1.0.1] startup
2026-09-18T08:13:56Z [526ms] [Warning] [omni.platforminfo.plugin] failed to open the default display.  Can't verify X Server version.

|---------------------------------------------------------------------------------------------|
| Driver Version: 580.95.05     | Graphics API: Vulkan
|=============================================================================================|
| GPU | Name                             | Active | LDA | GPU Memory | Vendor-ID | LUID       |
|     |                                  |        |     |            | Device-ID | UUID       |
|     |                                  |        |     |            | Bus-ID    |            |
|---------------------------------------------------------------------------------------------|
| 0   | NVIDIA RTX PRO 6000 Blackwell .. | Yes: 0 |     | 97887   MB | 10de      | 0          |
|     |                                  |        |     |            | 2bb5      | 7f1504bc.. |
|     |                                  |        |     |            | 16        |            |
|=============================================================================================|
| OS: 22.04.5 LTS (Jammy Jellyfish) ubuntu, Version: 22.04.5, Kernel: 5.15.0-78-generic
| Processor: Intel(R) Xeon(R) Platinum 8470Q
| Bare Metal Cores: 104 | Bare Metal Logical Cores: 208
| Core Usage Quota: 22
|---------------------------------------------------------------------------------------------|
| Total Memory (MB): 112640 | Free Memory: 100512
| Total Page/Swap (MB): 0 | Free Page/Swap: 0
|---------------------------------------------------------------------------------------------|
2026-09-18T08:13:57Z [1,403ms] [Warning] [omni.rtx] CPU performance profile is set to powersave. This profile sets the CPU to the lowest frequency reducing performance.
[1.736s] [ext: omni.kit.pipapi-0.0.0] startup
[1.737s] [ext: omni.kit.telemetry-0.5.2] startup
[1.768s] [ext: omni.kit.loop-isaac-1.6.0] startup
[1.771s] [ext: omni.kit.test-2.0.7] startup
[1.825s] [ext: omni.materialx.libs-1.0.9] startup
[1.832s] [ext: omni.gpucompute.plugins-0.0.0] startup
[1.832s] [ext: omni.usd.config-1.0.7] startup
[1.836s] [ext: omni.usd.libs-1.0.3] startup
[1.925s] [ext: omni.iray.libs-0.0.1] startup
[1.931s] [ext: omni.mdl-57.0.3] startup
[1.982s] [ext: omni.mdl.neuraylib-0.2.20] startup
[1.983s] [ext: omni.kit.usd.mdl-1.1.9] startup
[2.087s] [ext: omni.appwindow-1.2.2] startup
[2.094s] [ext: omni.kit.renderer.core-1.2.2] startup
2026-09-18T08:13:58Z [2,078ms] [Warning] [carb.windowing-glfw.plugin] GLFW initialization failed.
2026-09-18T08:13:58Z [2,078ms] [Warning] [carb] Failed to startup plugin carb.windowing-glfw.plugin (interfaces: [carb::windowing::IGLContext v1.0],[carb::windowing::IWindowing v1.5]) (impl: carb.windowing-glfw.plugin)
[2.133s] [ext: omni.kit.renderer.capture-2.0.1] startup
[2.135s] [ext: omni.kit.renderer.imgui-2.0.6] startup
2026-09-18T08:13:58Z [2,102ms] [Warning] [carb.windowing-glfw.plugin] GLFW initialization failed.
2026-09-18T08:13:58Z [2,102ms] [Warning] [carb] Failed to startup plugin carb.windowing-glfw.plugin (interfaces: [carb::windowing::IGLContext v1.0],[carb::windowing::IWindowing v1.5]) (impl: carb.windowing-glfw.plugin)
2026-09-18T08:13:58Z [2,103ms] [Warning] [carb.windowing-glfw.plugin] GLFW initialization failed.
2026-09-18T08:13:58Z [2,103ms] [Warning] [carb] Failed to startup plugin carb.windowing-glfw.plugin (interfaces: [carb::windowing::IGLContext v1.0],[carb::windowing::IWindowing v1.5]) (impl: carb.windowing-glfw.plugin)
[2.225s] [ext: omni.ui-3.2.0] startup
[2.234s] [ext: omni.kit.mainwindow-1.0.3] startup
[2.235s] [ext: carb.audio-0.1.0] startup
[2.259s] [ext: omni.uiaudio-1.0.0] startup
[2.260s] [ext: omni.kit.uiapp-0.0.0] startup
[2.260s] [ext: omni.usd.schema.metrics.assembler-110.1.0] startup
[2.264s] [ext: omni.usd.schema.audio-0.0.1] startup
[2.267s] [ext: omni.usd_resolver-1.0.0] startup
[2.271s] [ext: omni.usd.core-1.8.3] startup
[2.274s] [ext: omni.metropolis.schema-0.0.3] startup
[2.275s] [ext: isaacsim.anim.robot.schema-0.1.1] startup
[2.275s] [ext: omni.usd.schema.anim-0.0.1] startup
[2.293s] [ext: omni.usd.schema.geospatial-0.0.1] startup
[2.295s] [ext: omni.usd.schema.omnigraph-1.0.1] startup
[2.300s] [ext: omni.usd.schema.semantics-0.0.0] startup
[2.302s] [ext: omni.activity.core-1.0.3] startup
[2.303s] [ext: omni.cubric-0.1.0] startup
[2.304s] [ext: omni.graph.exec-0.9.6] startup
[2.304s] [ext: omni.hydra.scene_delegate-0.3.5] startup
[2.308s] [ext: usdrt.scenegraph-7.6.3] startup
[2.332s] [ext: omni.hydra.usdrt_delegate-7.5.2] startup
[2.338s] [ext: omni.inspect-1.0.2] startup
[2.340s] [ext: omni.kit.actions.core-1.0.0] startup
[2.342s] [ext: omni.kit.audiodeviceenum-1.0.2] startup
[2.343s] [ext: omni.kit.commands-1.5.0] startup
[2.346s] [ext: omni.kit.exec.core-0.13.5] startup
[2.347s] [ext: omni.kit.usd_undo-0.1.8] startup
[2.347s] [ext: omni.kit.window.popup_dialog-2.0.25] startup
[2.351s] [ext: omni.kit.widget.nucleus_connector-2.3.1] startup
[2.353s] [ext: omni.timeline-1.1.0] startup
[2.355s] [ext: omni.usd-1.16.0] startup
[2.390s] [ext: omni.graph.core-3.1.2] startup
[2.396s] [ext: omni.kit.notification_manager-1.0.11] startup
[2.397s] [ext: isaacsim.core.deprecation_manager-0.4.2] startup
[2.398s] [ext: isaacsim.replicator.agent.schema-0.1.1] startup
[2.398s] [ext: isaacsim.robot.schema-6.3.7] startup
[2.404s] [ext: isaacsim.robot_motion.schema-0.2.1] startup
[2.405s] [ext: omni.anim.behavior.schema-110.1.0] startup
[2.409s] [ext: omni.anim.graph.schema-110.1.1] startup
[2.414s] [ext: omni.anim.navigation.schema-110.1.0] startup
[2.417s] [ext: omni.behavior.tree.schema-110.1.0] startup
[2.417s] [ext: omni.kit.asset_converter-6.0.1] startup
[2.430s] [ext: omni.usd.schema.flow-110.0.0] startup
[2.430s] [ext: omni.usd.schema.mujoco-1.1.1] startup
[2.431s] [ext: omni.usd.schema.newton-1.2.1] startup
[2.431s] [ext: omni.usd.schema.omni_lens_distortion-1.0.0] startup
[2.432s] [ext: omni.usd.schema.omni_projectors-1.0.0] startup
[2.432s] [ext: omni.usd.schema.omni_sensors-0.0.0] startup
[2.439s] [ext: omni.usd.schema.omniscripting-1.0.1] startup
[2.443s] [ext: omni.usd.schema.physical_lighting-0.1.0] startup
[2.446s] [ext: omni.usd.schema.physx-110.1.13] startup
[2.474s] [ext: omni.usd.schema.render_settings.rtx-1.0.2] startup
[2.477s] [ext: omni.usd.schema.usd_particle_field-1.0.0] startup
[2.478s] [ext: isaacsim.core.version-2.1.1] startup
[2.478s] [ext: omni.kit.menu.core-1.2.0] startup
[2.479s] [ext: omni.kit.menu.utils-2.2.4] startup
[2.485s] [ext: isaacsim.app.about-2.3.1] startup
[2.489s] [ext: isaacsim.asset.transformer-1.2.5] startup
[2.492s] [ext: omni.scene.optimizer.core-110.1.0] startup
[2.547s] [ext: isaacsim.asset.importer.utils-1.8.1] startup
[2.549s] [ext: omni.convexdecomposition-110.1.13] startup
[2.552s] [ext: omni.physics-110.1.13] startup
[2.554s] [ext: omni.physx.gpu-110.1.13] startup
[2.554s] [ext: omni.physx.foundation-110.1.13] startup
[2.556s] [ext: omni.usdphysics-110.1.13] startup
[2.558s] [ext: omni.physx.cooking-110.1.13] startup
[2.560s] [ext: omni.physx-110.1.13] startup
[2.569s] [ext: omni.physics.physx-110.1.13] startup
[2.572s] [ext: isaacsim.asset.exporter.urdf-2.0.5] startup
[2.579s] [ext: omni.kit.clipboard-1.1.1] startup
[2.579s] [ext: omni.kit.usd.layers-2.6.1] startup
[2.586s] [ext: omni.kit.widget.context_menu-1.4.0] startup
[2.588s] [ext: omni.kit.context_menu-1.9.0] startup
[2.589s] [ext: omni.kit.helper.file_utils-0.1.10] startup
[2.590s] [ext: omni.kit.widget.nucleus_info-2.0.2] startup
[2.591s] [ext: omni.kit.search_core-1.0.8] startup
[2.591s] [ext: omni.kit.widget.path_field-2.0.13] startup
[2.592s] [ext: omni.kit.widget.browser_bar-2.0.10] startup
[2.592s] [ext: omni.kit.widget.filebrowser-2.13.4] startup
[2.597s] [ext: omni.kit.widget.options_menu-1.1.6] startup
[2.599s] [ext: omni.kit.widget.options_button-1.0.3] startup
[2.600s] [ext: omni.kit.widget.search_delegate-1.0.9] startup
[2.600s] [ext: omni.ui.scene-2.0.3] startup
[2.605s] [ext: omni.kit.window.filepicker-2.15.5] startup
[2.617s] [ext: omni.kit.window.file_importer-1.1.21] startup
[2.618s] [ext: omni.kit.material.library-3.1.2] startup
[2.623s] [ext: isaacsim.asset.transformer.rules-1.7.10] startup
[2.633s] [ext: omni.usdex.libs-2.2.2] startup
[2.641s] [ext: isaacsim.asset.importer.mjcf-3.10.1] startup
[2.643s] [ext: isaacsim.asset.importer.urdf-3.11.2] startup
[2.646s] [ext: omni.kit.primitive.mesh-1.1.0] startup
[2.648s] [ext: omni.kit.stage_template.core-1.1.22] startup
[2.649s] [ext: omni.kit.stage_templates-2.0.2] startup
[2.650s] [ext: omni.usd.metrics.assembler-110.1.2] startup
[2.653s] [ext: omni.warp.core-1.13.0] startup
[2.823s] [ext: isaacsim.core.experimental.utils-0.17.2] startup
[2.823s] [ext: omni.physics.stageupdate-110.1.13] startup
[2.825s] [ext: omni.physics.tensors-110.1.13] startup
[2.830s] [ext: omni.physx.tensors-110.1.13] startup
[2.833s] [ext: isaacsim.core.simulation_manager-1.15.6] startup
[2.847s] [ext: isaacsim.storage.native-1.9.3] startup
[2.848s] [ext: omni.usd.metrics.assembler.physics-110.1.13] startup
[2.849s] [ext: isaacsim.core.utils-4.1.7] startup
[2.852s] [ext: isaacsim.core.prims-0.11.7] startup
[4.240s] [ext: isaacsim.core.api-5.2.13] startup
[4.250s] [ext: isaacsim.core.cloner-1.7.3] startup
[4.254s] [ext: isaacsim.test.docstring-1.3.2] startup
[4.260s] [ext: isaacsim.core.experimental.prims-1.8.9] startup
[4.293s] [ext: isaacsim.core.experimental.primdata-0.3.2] startup
[4.296s] [ext: omni.graph.tools-1.81.0] startup
[4.329s] [ext: omni.graph-1.142.5] startup
[4.366s] [ext: isaacsim.core.experimental.actuators-0.1.2] startup
[4.394s] [ext: isaacsim.core.experimental.materials-0.7.1] startup
[4.398s] [ext: isaacsim.core.experimental.objects-0.8.1] startup
[4.458s] [ext: omni.hydra.engine.stats-1.0.5] startup
[4.461s] [ext: omni.hydra.rtx.shadercache.vulkan-1.0.0] startup
[4.462s] [ext: omni.index.libs-387500.4413.0] startup
[4.463s] [ext: omni.index-1.0.1] startup
[4.463s] [ext: omni.ujitso.client-0.0.0] startup
[4.464s] [ext: omni.usd.schema.playback-1.0.0] startup
[4.467s] [ext: omni.volume-0.5.2] startup
[4.474s] [ext: omni.hydra.rtx-1.0.4] startup
2026-09-18T08:14:00Z [4,473ms] [Warning] [omni.log] Source: omni.hydra was already registered.
[4.527s] [ext: omni.kit.hydra_texture-1.6.0] startup
[4.531s] [ext: omni.kit.raycast.query-1.2.0] startup
[4.539s] [ext: omni.kit.viewport.legacy_gizmos-1.0.24] startup
[4.544s] [ext: omni.kit.viewport.registry-104.0.6] startup
[4.545s] [ext: omni.kit.viewport.scene_camera_model-1.0.7] startup
[4.550s] [ext: omni.kit.widget.viewport-109.2.0] startup
[4.555s] [ext: omni.kit.window.drop_support-1.0.8] startup
[4.556s] [ext: omni.kit.viewport.window-109.0.2] startup
[4.582s] [ext: omni.kit.viewport.utility-2.0.1] startup
[4.584s] [ext: isaacsim.core.rendering_manager-0.4.3] startup
[4.605s] [ext: omni.graph.action_core-1.1.9] startup
[4.607s] [ext: omni.graph.action_nodes_core-2.11.0] startup
[4.613s] [ext: omni.graph.action_nodes-2.11.0] startup
[4.654s] [ext: omni.graph.action-2.10.2] startup
[4.657s] [ext: omni.graph.image.core-0.6.1] startup
[4.658s] [ext: omni.graph.image.nodes-1.3.1] startup
[4.659s] [ext: omni.graph.nodes_core-2.11.0] startup
[4.680s] [ext: omni.graph.nodes-2.12.0] startup
[4.691s] [ext: omni.kit.hotkeys.core-1.3.12] startup
[4.693s] [ext: omni.kit.property.adapter.core-1.1.1] startup
[4.697s] [ext: omni.kit.property.adapter.usd-1.0.5] startup
[4.699s] [ext: omni.kit.widget.filter-1.1.5] startup
[4.701s] [ext: omni.kit.widget.highlight_label-1.0.3] startup
[4.702s] [ext: omni.kit.widget.searchfield-1.1.8] startup
[4.704s] [ext: omni.kit.window.file_exporter-1.0.36] startup
[4.705s] [ext: omni.kit.widget.stage-4.4.0] startup
[4.714s] [ext: omni.kit.window.content_browser_registry-0.0.6] startup
[4.715s] [ext: omni.kit.window.file-2.0.10] startup
[4.719s] [ext: omni.kit.window.content_browser-3.1.8] startup
[4.731s] [ext: omni.kit.window.property-1.15.1] startup
[4.743s] [ext: omni.kit.property.usd-4.9.4] startup
[4.754s] [ext: omni.graph.scriptnode-2.10.2] startup
[4.770s] [ext: omni.kit.widget.searchable_combobox-1.0.7] startup
[4.776s] [ext: omni.kit.widget.settings-2.0.0] startup
[4.779s] [ext: omni.kit.window.preferences-1.8.3] startup
[4.794s] [ext: omni.kit.viewport.menubar.core-107.2.2] startup
[4.806s] [ext: omni.syntheticdata-0.6.15] startup
[4.850s] [ext: omni.replicator.nv-1.1.1] startup
[4.857s] [ext: omni.videoencoding-0.2.1] startup
[4.859s] [ext: omni.replicator.core-1.13.27] startup
2026-09-18T08:14:01Z [4,837ms] [Warning] [pxr.Semantics] pxr.Semantics is deprecated - please use Semantics instead
Warp 1.13.0 initialized:
   CUDA Toolkit 12.9, Driver 13.0
   Devices:
     "cpu"      : "x86_64"
     "cuda:0"   : "NVIDIA RTX PRO 6000 Blackwell Server Edition" (95 GiB, sm_120, mempool enabled)
   Kernel cache:
     /root/.cache/warp/1.13.0
2026-09-18T08:14:01Z [4,930ms] [Warning] [omni.replicator.core.scripts.extension] No material configuration file, adding configuration to material settings directly.
[5.149s] [ext: isaacsim.core.nodes-5.10.5] startup
[5.201s] [ext: isaacsim.core.throttling-2.3.5] startup
[5.203s] [ext: omni.kit.manipulator.viewport-107.0.1] startup
[5.205s] [ext: omni.graph.visualization.nodes-2.1.4] startup
[5.223s] [ext: omni.kit.window.extensions-1.5.10] startup
[5.230s] [ext: isaacsim.gui.components-1.8.5] startup
[5.236s] [ext: isaacsim.robot.surface_gripper-3.6.2] startup
[5.250s] [ext: isaacsim.robot.manipulators-3.4.4] startup
[5.267s] [ext: isaacsim.robot_motion.lula-4.1.3] startup
[5.276s] [ext: isaacsim.robot_motion.motion_generation-8.2.9] startup
[5.285s] [ext: isaacsim.cortex.framework-1.0.18] startup
[5.288s] [ext: isaacsim.cortex.behaviors-2.0.17] startup
[5.290s] [ext: isaacsim.examples.base-1.3.2] startup
[5.295s] [ext: omni.kit.widget.zoombar-1.0.7] startup
[5.299s] [ext: omni.kit.browser.core-2.3.18] startup
[5.305s] [ext: omni.kit.browser.folder.core-2.0.2] startup
[5.314s] [ext: omni.kit.widget.stage_icons-1.0.8] startup
[5.317s] [ext: omni.kit.window.stage-2.6.1] startup
[5.322s] [ext: omni.kit.menu.stage-1.2.7] startup
[5.324s] [ext: omni.kit.usd.collect-3.0.6] startup
[5.328s] [ext: omni.kit.widget.prompt-1.0.7] startup
[5.329s] [ext: omni.kit.tool.collect-2.2.19] startup
[5.332s] [ext: isaacsim.examples.browser-0.3.2] startup
[5.339s] [ext: omni.kit.search.files-1.0.4] startup
[5.340s] [ext: omni.kit.widget.calendar-1.0.9] startup
[5.341s] [ext: omni.kit.widget.extended_searchfield-1.0.31] startup
[5.352s] [ext: omni.simready.content.browser-0.3.7] startup
[5.449s] [ext: isaacsim.gui.content_browser-0.4.3] startup
[5.452s] [ext: omni.kit.selection-0.1.6] startup
[5.454s] [ext: isaacsim.gui.menu-2.10.5] startup
[5.463s] [ext: isaacsim.gui.property-1.6.4] startup
[5.470s] [ext: omni.kit.viewport.actions-110.0.0] startup
[5.475s] [ext: omni.kit.viewport.menubar.display-107.1.3] startup
[5.477s] [ext: isaacsim.gui.sensors.icon-2.2.1] startup
[5.480s] [ext: omni.behavior.scripting.core-110.1.0] startup
[5.483s] [ext: isaacsim.replicator.behavior-1.5.4] startup
[5.484s] [ext: isaacsim.replicator.experimental.domain_randomization-1.2.5] startup
[5.515s] [ext: isaacsim.replicator.domain_randomization-1.2.2] startup
[5.607s] [ext: isaacsim.replicator.writers-1.5.4] startup
[5.645s] [ext: isaacsim.robot.experimental.wheeled_robots-0.2.11] startup
[5.667s] [ext: isaacsim.robot.policy.examples-5.2.12] startup
[5.701s] [ext: isaacsim.robot.wheeled_robots-5.2.4] startup
[5.705s] [ext: isaacsim.robot.wheeled_robots.nodes-0.1.5] startup
[5.745s] [ext: isaacsim.robot_motion.experimental.motion_generation-6.1.3] startup
[5.756s] [ext: isaacsim.robot_motion.cumotion-1.3.1] startup
[5.771s] [ext: omni.kit.numpy.common-0.1.3] startup
[5.772s] [ext: isaacsim.sensors.camera-1.7.9] startup
[5.814s] [ext: isaacsim.sensors.experimental.physics-3.0.2] startup
[5.823s] [ext: omni.sensors.net-1.0.1] startup
[5.833s] [ext: omni.sensors.nv.common-3.0.0] startup
[5.849s] [ext: omni.sensors.nv.materials-2.0.0] startup
[5.853s] [ext: omni.sensors.nv.acoustic-3.0.0] startup
[5.857s] [ext: omni.sensors.nv.ids-2.0.1] startup
[5.859s] [ext: omni.sensors.nv.lidar-3.0.0] startup
[5.864s] [ext: omni.sensors.nv.radar-3.0.0] startup
[5.867s] [ext: isaacsim.sensors.experimental.rtx-1.4.6] startup
[6.125s] [ext: isaacsim.sensors.physics.nodes-1.5.3] startup
[6.135s] [ext: isaacsim.util.debug_draw-3.2.3] startup
[6.142s] [ext: isaacsim.sensors.physx-2.5.5] startup
[6.152s] [ext: isaacsim.sensors.rtx-15.17.1] startup
[6.168s] [ext: isaacsim.simulation_app-2.18.4] startup
[6.168s] [ext: omni.anim.curve.core-1.6.0] startup
[6.192s] [ext: omni.graph.ui_nodes-2.11.1] startup
[6.231s] [ext: omni.hydra.scene_api-0.1.3] startup
[6.237s] [ext: omni.kit.manipulator.camera-110.0.0] startup
[6.241s] [ext: omni.kit.manipulator.selector-1.1.4] startup
[6.243s] [ext: omni.kit.manipulator.transform-107.0.0] startup
[6.247s] [ext: omni.kit.widget.toolbar-2.1.0] startup
[6.253s] [ext: omni.kit.manipulator.tool.snap-1.5.14] startup
[6.257s] [ext: omni.kit.viewport.manipulator.transform-107.0.4] startup
[6.259s] [ext: omni.kit.manipulator.prim.core-108.0.2] startup
[6.265s] [ext: omni.kit.manipulator.prim.usd-107.0.3] startup
[6.267s] [ext: omni.kit.manipulator.prim-108.0.0] startup
[6.267s] [ext: omni.kit.manipulator.selection-109.0.1] startup
[6.268s] [ext: omni.kit.menu.create-2.0.2] startup
[6.270s] [ext: omni.kit.property.audio-1.0.16] startup
[6.274s] [ext: omni.kit.property.camera-1.0.14] startup
[6.276s] [ext: omni.kit.property.geometry-2.1.2] startup
[6.280s] [ext: omni.kit.property.light-1.0.14] startup
2026-09-18T08:14:02Z [6,299ms] [Warning] [omni.usd] Encountered USD Warnings but USD Diagnostics are currently muted. To view USD Warnings, please set the '/persistent/app/usd/muteUsdDiagnostics' setting to false in Preferences page.
[6.351s] [ext: omni.kit.property.material-1.14.6] startup
[6.357s] [ext: omni.kit.property.render-1.2.2] startup
[6.359s] [ext: omni.kit.property.transform-1.6.9] startup
[6.362s] [ext: omni.kit.property.bundle-1.5.1] startup
[6.364s] [ext: omni.kit.usdz_export-1.1.0] startup
[6.367s] [ext: omni.kit.tool.asset_importer-6.0.1] startup
[6.372s] [ext: omni.kit.ui.actions-1.0.5] startup
[6.375s] [ext: omni.kit.viewport.menubar.camera-107.0.10] startup
[6.380s] [ext: omni.kit.viewport.menubar.lighting-107.3.2] startup
[6.383s] [ext: omni.kit.viewport.menubar.render-110.0.0] startup
[6.386s] [ext: omni.kit.viewport.menubar.settings-110.0.1] startup
[6.398s] [ext: omni.kit.window.console-1.1.9] startup
[6.402s] [ext: omni.kit.window.status_bar-0.1.11] startup
[6.406s] [ext: omni.kit.window.toolbar-3.0.3] startup
[6.408s] [ext: omni.ocio-0.1.1] startup
[6.409s] [ext: omni.physx.commands-110.1.13] startup
[6.413s] [ext: omni.replicator.replicator_yaml-2.0.12] startup
[6.425s] [ext: omni.rtx.window.settings-0.8.0] startup
[6.430s] [ext: omni.rtx.settings.core-0.7.1] startup
[6.433s] [ext: omni.usd.metrics.assembler.ui-110.1.1] startup
[6.440s] [ext: semantics.schema.editor-2.0.2] startup
[6.443s] [ext: semantics.schema.property-2.0.2] startup
[6.445s] [ext: omni.kit.menu.common-2.0.2] startup
[6.446s] [ext: isaacsim.exp.base-6.0.1] startup
[6.446s] [ext: isaacsim.exp.base.python-6.0.1] startup
[6.448s] Simulation App Starting
[9.275s] Simulation App Startup Complete
[9.283s] app ready
2026-09-18T08:14:06Z [10,028ms] [Warning] [rtx.hydra] Camera '/World/Rig/Sensors/C3_surround_left_up': Projection type 'fisheyePolynomial' is deprecated. Please use 'opencvFisheye', 'opencvPinhole', 'lut', or 'omniDirectionalStereo' instead.
2026-09-18T08:14:06Z [10,028ms] [Warning] [rtx.hydra] Camera '/World/Rig/Sensors/C4_surround_left_down': Projection type 'fisheyePolynomial' is deprecated. Please use 'opencvFisheye', 'opencvPinhole', 'lut', or 'omniDirectionalStereo' instead.
2026-09-18T08:14:06Z [10,029ms] [Warning] [rtx.hydra] Camera '/World/Rig/Sensors/C5_surround_right_up': Projection type 'fisheyePolynomial' is deprecated. Please use 'opencvFisheye', 'opencvPinhole', 'lut', or 'omniDirectionalStereo' instead.
2026-09-18T08:14:06Z [10,029ms] [Warning] [rtx.hydra] Camera '/World/Rig/Sensors/C2_front_right': Projection type 'fisheyePolynomial' is deprecated. Please use 'opencvFisheye', 'opencvPinhole', 'lut', or 'omniDirectionalStereo' instead.
2026-09-18T08:14:06Z [10,029ms] [Warning] [rtx.hydra] Camera '/World/Rig/Sensors/C6_surround_right_down': Projection type 'fisheyePolynomial' is deprecated. Please use 'opencvFisheye', 'opencvPinhole', 'lut', or 'omniDirectionalStereo' instead.
2026-09-18T08:14:06Z [10,029ms] [Warning] [rtx.hydra] Camera '/World/Rig/Sensors/C1_front_left': Projection type 'fisheyePolynomial' is deprecated. Please use 'opencvFisheye', 'opencvPinhole', 'lut', or 'omniDirectionalStereo' instead.
2026-09-18T08:14:06Z [10,375ms] [Warning] [omni.syntheticdata.plugin] OgnSdPostRenderVarToHost : rendervar copy from texture directly to host buffer is counter-performant. Please use copy from texture to device buffer first.
2026-09-18T08:14:07Z [10,612ms] [Warning] [omni.syntheticdata.plugin] SdRenderVarPtr missing valid input renderVar LdrColorSDhost
ANGLE C0 horizontal_-59 PASS [37.371512564131365, 539.9954374664519] 0.19122301790482313
ANGLE C0 horizontal_+59 PASS [1882.7084912051787, 539.990966803001] 0.27132276261901794
ANGLE C0 horizontal_-61 PASS None None
ANGLE C0 horizontal_+61 PASS None None
ANGLE C0 vertical_-64 PASS [960.0120531528961, 23.584237557575513] 0.13720613324694267
2026-09-18T08:14:10Z [13,932ms] [Warning] [carb] Client omni.hydratexture.plugin has acquired [carb::settings::ISettings v1.1] 100 times. Consider accessing this interface with carb::getCachedInterface() (Performance warning)
ANGLE C0 vertical_+64 PASS [959.9826626606905, 1056.462427555862] 0.18415871931594952
2026-09-18T08:14:11Z [14,591ms] [Warning] [carb] Client omni.hydratexture.plugin has acquired [carb::dictionary::IDictionary v1.2] 100 times. Consider accessing this interface with carb::getCachedInterface() (Performance warning)
ANGLE C0 vertical_-66 PASS None None
ANGLE C0 vertical_+66 PASS None None
2026-09-18T08:14:12Z [15,829ms] [Warning] [carb] Plugin interface for a client: omni.hydratexture.plugin was already released.
2026-09-18T08:14:12Z [16,018ms] [Warning] [rtx.hydra] Camera '/World/Rig/Sensors/C4_surround_left_down': Projection type 'fisheyePolynomial' is deprecated. Please use 'opencvFisheye', 'opencvPinhole', 'lut', or 'omniDirectionalStereo' instead.
2026-09-18T08:14:12Z [16,018ms] [Warning] [rtx.hydra] Camera '/World/Rig/Sensors/C3_surround_left_up': Projection type 'fisheyePolynomial' is deprecated. Please use 'opencvFisheye', 'opencvPinhole', 'lut', or 'omniDirectionalStereo' instead.
2026-09-18T08:14:12Z [16,018ms] [Warning] [rtx.hydra] Camera '/World/Rig/Sensors/C5_surround_right_up': Projection type 'fisheyePolynomial' is deprecated. Please use 'opencvFisheye', 'opencvPinhole', 'lut', or 'omniDirectionalStereo' instead.
2026-09-18T08:14:12Z [16,018ms] [Warning] [rtx.hydra] Camera '/World/Rig/Sensors/C6_surround_right_down': Projection type 'fisheyePolynomial' is deprecated. Please use 'opencvFisheye', 'opencvPinhole', 'lut', or 'omniDirectionalStereo' instead.
2026-09-18T08:14:12Z [16,018ms] [Warning] [rtx.hydra] Camera '/World/Rig/Sensors/C2_front_right': Projection type 'fisheyePolynomial' is deprecated. Please use 'opencvFisheye', 'opencvPinhole', 'lut', or 'omniDirectionalStereo' instead.
2026-09-18T08:14:12Z [16,018ms] [Warning] [rtx.hydra] Camera '/World/Rig/Sensors/C1_front_left': Projection type 'fisheyePolynomial' is deprecated. Please use 'opencvFisheye', 'opencvPinhole', 'lut', or 'omniDirectionalStereo' instead.
2026-09-18T08:14:12Z [16,207ms] [Warning] [rtx.hydra] Camera '/World/Rig/Sensors/C1_front_left': Projection type 'fisheyePolynomial' is deprecated. Please use 'opencvFisheye', 'opencvPinhole', 'lut', or 'omniDirectionalStereo' instead.
ANGLE C1 horizontal_-79 PASS [10.125807877147434, 650.053775617301] 0.13681900075809755
ANGLE C1 horizontal_+79 PASS [1590.0711151187256, 650.0194469492035] 0.07372614152851904
ANGLE C1 horizontal_-81 PASS None None
ANGLE C1 horizontal_+81 PASS None None
ANGLE C1 vertical_-64 PASS [799.9999651446497, 9.981840362495642] 0.018159670954759004
2026-09-18T08:14:15Z [19,442ms] [Warning] [carb] Client omni.kit.viewport.legacy_gizmos has acquired [carb::settings::ISettings v1.1] 100 times. Consider accessing this interface with carb::getCachedInterface() (Performance warning)
2026-09-18T08:14:15Z [19,442ms] [Warning] [carb] Client omni.kit.viewport.legacy_gizmos has acquired [carb::dictionary::IDictionary v1.2] 100 times. Consider accessing this interface with carb::getCachedInterface() (Performance warning)
ANGLE C1 vertical_+64 PASS [799.9711396151948, 1289.9792797237294] 0.03552818120636488
ANGLE C1 vertical_-66 PASS None None
ANGLE C1 vertical_+66 PASS None None
2026-09-18T08:14:17Z [21,121ms] [Warning] [carb] Plugin interface for a client: omni.hydratexture.plugin was already released.
2026-09-18T08:14:17Z [21,333ms] [Warning] [rtx.hydra] Camera '/World/Rig/Sensors/C6_surround_right_down': Projection type 'fisheyePolynomial' is deprecated. Please use 'opencvFisheye', 'opencvPinhole', 'lut', or 'omniDirectionalStereo' instead.
2026-09-18T08:14:17Z [21,333ms] [Warning] [rtx.hydra] Camera '/World/Rig/Sensors/C3_surround_left_up': Projection type 'fisheyePolynomial' is deprecated. Please use 'opencvFisheye', 'opencvPinhole', 'lut', or 'omniDirectionalStereo' instead.
2026-09-18T08:14:17Z [21,333ms] [Warning] [rtx.hydra] Camera '/World/Rig/Sensors/C4_surround_left_down': Projection type 'fisheyePolynomial' is deprecated. Please use 'opencvFisheye', 'opencvPinhole', 'lut', or 'omniDirectionalStereo' instead.
2026-09-18T08:14:17Z [21,333ms] [Warning] [rtx.hydra] Camera '/World/Rig/Sensors/C2_front_right': Projection type 'fisheyePolynomial' is deprecated. Please use 'opencvFisheye', 'opencvPinhole', 'lut', or 'omniDirectionalStereo' instead.
2026-09-18T08:14:17Z [21,333ms] [Warning] [rtx.hydra] Camera '/World/Rig/Sensors/C5_surround_right_up': Projection type 'fisheyePolynomial' is deprecated. Please use 'opencvFisheye', 'opencvPinhole', 'lut', or 'omniDirectionalStereo' instead.
2026-09-18T08:14:17Z [21,333ms] [Warning] [rtx.hydra] Camera '/World/Rig/Sensors/C1_front_left': Projection type 'fisheyePolynomial' is deprecated. Please use 'opencvFisheye', 'opencvPinhole', 'lut', or 'omniDirectionalStereo' instead.
2026-09-18T08:14:17Z [21,497ms] [Warning] [rtx.hydra] Camera '/World/Rig/Sensors/C3_surround_left_up': Projection type 'fisheyePolynomial' is deprecated. Please use 'opencvFisheye', 'opencvPinhole', 'lut', or 'omniDirectionalStereo' instead.
ANGLE C3 theta0_az0 PASS [540.2281276717013, 479.8764605300655] 0.2594305980942319
ANGLE C3 theta60_az0 PASS [801.6540259188444, 480.14414701508395] 0.2184617157418716
ANGLE C3 theta95_az0 PASS [954.533051498847, 479.97901614142955] 0.024375354062070736
ANGLE C3 theta105_az0 PASS [998.3136304062912, 479.8515072083879] 0.19855621793653072
ANGLE C3 theta115_az0 PASS None None
ANGLE C3 theta105_az135 PASS [215.89557855126998, 803.9706020696143] 0.12163344721383039
2026-09-18T08:14:19Z [23,552ms] [Warning] [carb] Plugin interface for a client: omni.hydratexture.plugin was already released.
2026-09-18T08:14:20Z [23,757ms] [Warning] [rtx.hydra] Camera '/World/Rig/Sensors/C3_surround_left_up': Projection type 'fisheyePolynomial' is deprecated. Please use 'opencvFisheye', 'opencvPinhole', 'lut', or 'omniDirectionalStereo' instead.
2026-09-18T08:14:20Z [23,758ms] [Warning] [rtx.hydra] Camera '/World/Rig/Sensors/C5_surround_right_up': Projection type 'fisheyePolynomial' is deprecated. Please use 'opencvFisheye', 'opencvPinhole', 'lut', or 'omniDirectionalStereo' instead.
2026-09-18T08:14:20Z [23,758ms] [Warning] [rtx.hydra] Camera '/World/Rig/Sensors/C2_front_right': Projection type 'fisheyePolynomial' is deprecated. Please use 'opencvFisheye', 'opencvPinhole', 'lut', or 'omniDirectionalStereo' instead.
2026-09-18T08:14:20Z [23,758ms] [Warning] [rtx.hydra] Camera '/World/Rig/Sensors/C4_surround_left_down': Projection type 'fisheyePolynomial' is deprecated. Please use 'opencvFisheye', 'opencvPinhole', 'lut', or 'omniDirectionalStereo' instead.
2026-09-18T08:14:20Z [23,758ms] [Warning] [rtx.hydra] Camera '/World/Rig/Sensors/C6_surround_right_down': Projection type 'fisheyePolynomial' is deprecated. Please use 'opencvFisheye', 'opencvPinhole', 'lut', or 'omniDirectionalStereo' instead.
2026-09-18T08:14:20Z [23,758ms] [Warning] [rtx.hydra] Camera '/World/Rig/Sensors/C1_front_left': Projection type 'fisheyePolynomial' is deprecated. Please use 'opencvFisheye', 'opencvPinhole', 'lut', or 'omniDirectionalStereo' instead.
CAPTURED C0 (1080, 1920, 3)
2026-09-18T08:14:21Z [25,030ms] [Warning] [rtx.hydra] Camera '/World/Rig/Sensors/C1_front_left': Projection type 'fisheyePolynomial' is deprecated. Please use 'opencvFisheye', 'opencvPinhole', 'lut', or 'omniDirectionalStereo' instead.
CAPTURED C1 (1300, 1600, 3)
2026-09-18T08:14:22Z [25,733ms] [Warning] [rtx.hydra] Camera '/World/Rig/Sensors/C2_front_right': Projection type 'fisheyePolynomial' is deprecated. Please use 'opencvFisheye', 'opencvPinhole', 'lut', or 'omniDirectionalStereo' instead.
CAPTURED C2 (1300, 1600, 3)
2026-09-18T08:14:22Z [26,485ms] [Warning] [rtx.hydra] Camera '/World/Rig/Sensors/C3_surround_left_up': Projection type 'fisheyePolynomial' is deprecated. Please use 'opencvFisheye', 'opencvPinhole', 'lut', or 'omniDirectionalStereo' instead.
CAPTURED C3 (960, 1080, 3)
2026-09-18T08:14:23Z [26,937ms] [Warning] [rtx.hydra] Camera '/World/Rig/Sensors/C4_surround_left_down': Projection type 'fisheyePolynomial' is deprecated. Please use 'opencvFisheye', 'opencvPinhole', 'lut', or 'omniDirectionalStereo' instead.
CAPTURED C4 (960, 1080, 3)
2026-09-18T08:14:23Z [27,371ms] [Warning] [rtx.hydra] Camera '/World/Rig/Sensors/C5_surround_right_up': Projection type 'fisheyePolynomial' is deprecated. Please use 'opencvFisheye', 'opencvPinhole', 'lut', or 'omniDirectionalStereo' instead.
CAPTURED C5 (960, 1080, 3)
2026-09-18T08:14:24Z [27,778ms] [Warning] [rtx.hydra] Camera '/World/Rig/Sensors/C6_surround_right_down': Projection type 'fisheyePolynomial' is deprecated. Please use 'opencvFisheye', 'opencvPinhole', 'lut', or 'omniDirectionalStereo' instead.
CAPTURED C6 (960, 1080, 3)
2026-09-18T08:14:25Z [28,732ms] [Warning] [carb] Plugin interface for a client: omni.hydratexture.plugin was already released.
[28.844s] Simulation App Shutting Down
