Starting kit application with the following args:  ['/root/autodl-tmp/envs/isaacsim-clean/lib/python3.12/site-packages/isaacsim/exts/isaacsim.simulation_app/isaacsim/simulation_app/simulation_app.py', '/root/autodl-tmp/envs/isaacsim-clean/lib/python3.12/site-packages/isaacsim/apps/isaacsim.exp.base.python.kit', '--/app/tokens/exe-path=/root/autodl-tmp/envs/isaacsim-clean/lib/python3.12/site-packages/isaacsim/kit', '--/persistent/app/viewport/displayOptions=3094', '--/rtx/materialDb/syncLoads=True', '--/rtx/hydra/materialSyncLoads=True', '--/omni/kit/plugin/syncUsdLoads=True', '--/app/renderer/resolution/width=1280', '--/app/renderer/resolution/height=960', '--/app/window/width=1440', '--/app/window/height=900', '--/renderer/multiGpu/enabled=False', '--/app/fastShutdown=True', '--/app/installSignalHandlers=0', '--ext-folder', '/root/autodl-tmp/envs/isaacsim-clean/lib/python3.12/site-packages/isaacsim/exts', '--ext-folder', '/root/autodl-tmp/envs/isaacsim-clean/lib/python3.12/site-packages/isaacsim/apps', '--/physics/cudaDevice=0', '--/plugins/carb.tasking.plugin/threadCount=32', '--/plugins/omni.tbb.globalcontrol/maxThreadCount=32', '--portable', '--no-window', '--/app/window/hideUi=1', '--allow-root']
Passing the following args to the base kit application:  ['--task', 'angles']
2026-09-18T08:07:54Z [Info] [carb] Logging to file: /root/autodl-tmp/envs/isaacsim-clean/lib/python3.12/site-packages/isaacsim/kit/logs/Kit/Isaac-Sim Python/6.0/kit_20260918_160754.log
[0.101s] [ext: omni.assets.plugins-0.0.0] startup
[0.102s] [ext: omni.blobkey-1.1.2] startup
[0.102s] [ext: omni.kit.async_engine-0.0.3] startup
[0.200s] [ext: omni.client.lib-1.1.1] startup
[0.212s] [ext: omni.client-1.3.0] startup
[0.221s] [ext: omni.protobuf.lib-1.0.0] startup
[0.223s] [ext: omni.grpc.lib-1.0.0] startup
[0.227s] [ext: omni.metrics.core-0.0.3] startup
[0.227s] [ext: omni.datastore-0.0.0] startup
WARNING: All log messages before absl::InitializeLog() is called are written to STDERR
E0000 00:00:1789718874.351747   44193 descriptor_database.cc:633] File already exists in database: grpc/health/v1/health.proto
W0000 00:00:1789718874.351769   44193 message.cc:301] Protobuf GeneratedMessageFactory: File is already registered: grpc/health/v1/health.proto
[0.228s] [ext: omni.gpu_foundation.shadercache.vulkan-1.0.0] startup
[0.230s] [ext: omni.hsscclient-1.1.4] startup
[0.230s] [ext: omni.stats-1.0.1] startup
[0.231s] [ext: omni.ujitso.default-1.0.0] startup
[0.235s] [ext: omni.gpu_foundation-0.0.0] startup
[0.523s] [ext: carb.windowing.plugins-1.0.1] startup
[0.524s] [ext: omni.kit.renderer.init-1.0.1] startup
2026-09-18T08:07:54Z [546ms] [Warning] [omni.platforminfo.plugin] failed to open the default display.  Can't verify X Server version.

|---------------------------------------------------------------------------------------------|
| Driver Version: 580.95.05     | Graphics API: Vulkan
|=============================================================================================|
| GPU | Name                             | Active | LDA | GPU Memory | Vendor-ID | LUID       |
|     |                                  |        |     |            | Device-ID | UUID       |
|     |                                  |        |     |            | Bus-ID    |            |
|---------------------------------------------------------------------------------------------|
| 0   | NVIDIA RTX PRO 6000 Blackwell .. | Yes: 0 |     | 97887   MB | 10de      | 0          |
|     |                                  |        |     |            | 2bb5      | 7f1504bc.. |
|     |                                  |        |     |            | 16        |            |
|=============================================================================================|
| OS: 22.04.5 LTS (Jammy Jellyfish) ubuntu, Version: 22.04.5, Kernel: 5.15.0-78-generic
| Processor: Intel(R) Xeon(R) Platinum 8470Q
| Bare Metal Cores: 104 | Bare Metal Logical Cores: 208
| Core Usage Quota: 22
|---------------------------------------------------------------------------------------------|
| Total Memory (MB): 112640 | Free Memory: 100560
| Total Page/Swap (MB): 0 | Free Page/Swap: 0
|---------------------------------------------------------------------------------------------|
2026-09-18T08:07:55Z [1,506ms] [Warning] [omni.rtx] CPU performance profile is set to powersave. This profile sets the CPU to the lowest frequency reducing performance.
[1.871s] [ext: omni.kit.pipapi-0.0.0] startup
[1.872s] [ext: omni.kit.telemetry-0.5.2] startup
[1.903s] [ext: omni.kit.loop-isaac-1.6.0] startup
[1.906s] [ext: omni.kit.test-2.0.7] startup
[1.961s] [ext: omni.materialx.libs-1.0.9] startup
[1.967s] [ext: omni.gpucompute.plugins-0.0.0] startup
[1.968s] [ext: omni.usd.config-1.0.7] startup
[1.971s] [ext: omni.usd.libs-1.0.3] startup
[2.059s] [ext: omni.iray.libs-0.0.1] startup
[2.064s] [ext: omni.mdl-57.0.3] startup
[2.114s] [ext: omni.mdl.neuraylib-0.2.20] startup
[2.116s] [ext: omni.kit.usd.mdl-1.1.9] startup
[2.218s] [ext: omni.appwindow-1.2.2] startup
[2.224s] [ext: omni.kit.renderer.core-1.2.2] startup
2026-09-18T08:07:56Z [2,181ms] [Warning] [carb.windowing-glfw.plugin] GLFW initialization failed.
2026-09-18T08:07:56Z [2,181ms] [Warning] [carb] Failed to startup plugin carb.windowing-glfw.plugin (interfaces: [carb::windowing::IGLContext v1.0],[carb::windowing::IWindowing v1.5]) (impl: carb.windowing-glfw.plugin)
[2.262s] [ext: omni.kit.renderer.capture-2.0.1] startup
[2.264s] [ext: omni.kit.renderer.imgui-2.0.6] startup
2026-09-18T08:07:56Z [2,205ms] [Warning] [carb.windowing-glfw.plugin] GLFW initialization failed.
2026-09-18T08:07:56Z [2,205ms] [Warning] [carb] Failed to startup plugin carb.windowing-glfw.plugin (interfaces: [carb::windowing::IGLContext v1.0],[carb::windowing::IWindowing v1.5]) (impl: carb.windowing-glfw.plugin)
2026-09-18T08:07:56Z [2,206ms] [Warning] [carb.windowing-glfw.plugin] GLFW initialization failed.
2026-09-18T08:07:56Z [2,206ms] [Warning] [carb] Failed to startup plugin carb.windowing-glfw.plugin (interfaces: [carb::windowing::IGLContext v1.0],[carb::windowing::IWindowing v1.5]) (impl: carb.windowing-glfw.plugin)
[2.348s] [ext: omni.ui-3.2.0] startup
[2.357s] [ext: omni.kit.mainwindow-1.0.3] startup
[2.358s] [ext: carb.audio-0.1.0] startup
[2.363s] [ext: omni.uiaudio-1.0.0] startup
[2.363s] [ext: omni.kit.uiapp-0.0.0] startup
[2.363s] [ext: omni.usd.schema.metrics.assembler-110.1.0] startup
[2.366s] [ext: omni.usd.schema.audio-0.0.1] startup
[2.369s] [ext: omni.usd_resolver-1.0.0] startup
[2.372s] [ext: omni.usd.core-1.8.3] startup
[2.375s] [ext: omni.metropolis.schema-0.0.3] startup
[2.376s] [ext: isaacsim.anim.robot.schema-0.1.1] startup
[2.376s] [ext: omni.usd.schema.anim-0.0.1] startup
[2.393s] [ext: omni.usd.schema.geospatial-0.0.1] startup
[2.396s] [ext: omni.usd.schema.omnigraph-1.0.1] startup
[2.401s] [ext: omni.usd.schema.semantics-0.0.0] startup
[2.403s] [ext: omni.activity.core-1.0.3] startup
[2.404s] [ext: omni.cubric-0.1.0] startup
[2.404s] [ext: omni.graph.exec-0.9.6] startup
[2.405s] [ext: omni.hydra.scene_delegate-0.3.5] startup
[2.409s] [ext: usdrt.scenegraph-7.6.3] startup
[2.434s] [ext: omni.hydra.usdrt_delegate-7.5.2] startup
[2.440s] [ext: omni.inspect-1.0.2] startup
[2.442s] [ext: omni.kit.actions.core-1.0.0] startup
[2.443s] [ext: omni.kit.audiodeviceenum-1.0.2] startup
[2.444s] [ext: omni.kit.commands-1.5.0] startup
[2.447s] [ext: omni.kit.exec.core-0.13.5] startup
[2.449s] [ext: omni.kit.usd_undo-0.1.8] startup
[2.449s] [ext: omni.kit.window.popup_dialog-2.0.25] startup
[2.452s] [ext: omni.kit.widget.nucleus_connector-2.3.1] startup
[2.455s] [ext: omni.timeline-1.1.0] startup
[2.457s] [ext: omni.usd-1.16.0] startup
[2.492s] [ext: omni.graph.core-3.1.2] startup
[2.496s] [ext: omni.kit.notification_manager-1.0.11] startup
[2.497s] [ext: isaacsim.core.deprecation_manager-0.4.2] startup
[2.498s] [ext: isaacsim.replicator.agent.schema-0.1.1] startup
[2.499s] [ext: isaacsim.robot.schema-6.3.7] startup
[2.504s] [ext: isaacsim.robot_motion.schema-0.2.1] startup
[2.504s] [ext: omni.anim.behavior.schema-110.1.0] startup
[2.508s] [ext: omni.anim.graph.schema-110.1.1] startup
[2.513s] [ext: omni.anim.navigation.schema-110.1.0] startup
[2.516s] [ext: omni.behavior.tree.schema-110.1.0] startup
[2.516s] [ext: omni.kit.asset_converter-6.0.1] startup
[2.529s] [ext: omni.usd.schema.flow-110.0.0] startup
[2.530s] [ext: omni.usd.schema.mujoco-1.1.1] startup
[2.530s] [ext: omni.usd.schema.newton-1.2.1] startup
[2.531s] [ext: omni.usd.schema.omni_lens_distortion-1.0.0] startup
[2.531s] [ext: omni.usd.schema.omni_projectors-1.0.0] startup
[2.532s] [ext: omni.usd.schema.omni_sensors-0.0.0] startup
[2.538s] [ext: omni.usd.schema.omniscripting-1.0.1] startup
[2.542s] [ext: omni.usd.schema.physical_lighting-0.1.0] startup
[2.545s] [ext: omni.usd.schema.physx-110.1.13] startup
[2.573s] [ext: omni.usd.schema.render_settings.rtx-1.0.2] startup
[2.576s] [ext: omni.usd.schema.usd_particle_field-1.0.0] startup
[2.577s] [ext: isaacsim.core.version-2.1.1] startup
[2.577s] [ext: omni.kit.menu.core-1.2.0] startup
[2.578s] [ext: omni.kit.menu.utils-2.2.4] startup
[2.584s] [ext: isaacsim.app.about-2.3.1] startup
[2.588s] [ext: isaacsim.asset.transformer-1.2.5] startup
[2.591s] [ext: omni.scene.optimizer.core-110.1.0] startup
[2.645s] [ext: isaacsim.asset.importer.utils-1.8.1] startup
[2.647s] [ext: omni.convexdecomposition-110.1.13] startup
[2.650s] [ext: omni.physics-110.1.13] startup
[2.652s] [ext: omni.physx.gpu-110.1.13] startup
[2.653s] [ext: omni.physx.foundation-110.1.13] startup
[2.654s] [ext: omni.usdphysics-110.1.13] startup
[2.656s] [ext: omni.physx.cooking-110.1.13] startup
[2.658s] [ext: omni.physx-110.1.13] startup
[2.667s] [ext: omni.physics.physx-110.1.13] startup
[2.669s] [ext: isaacsim.asset.exporter.urdf-2.0.5] startup
[2.676s] [ext: omni.kit.clipboard-1.1.1] startup
[2.677s] [ext: omni.kit.usd.layers-2.6.1] startup
[2.684s] [ext: omni.kit.widget.context_menu-1.4.0] startup
[2.685s] [ext: omni.kit.context_menu-1.9.0] startup
[2.687s] [ext: omni.kit.helper.file_utils-0.1.10] startup
[2.688s] [ext: omni.kit.widget.nucleus_info-2.0.2] startup
[2.688s] [ext: omni.kit.search_core-1.0.8] startup
[2.689s] [ext: omni.kit.widget.path_field-2.0.13] startup
[2.690s] [ext: omni.kit.widget.browser_bar-2.0.10] startup
[2.690s] [ext: omni.kit.widget.filebrowser-2.13.4] startup
[2.694s] [ext: omni.kit.widget.options_menu-1.1.6] startup
[2.697s] [ext: omni.kit.widget.options_button-1.0.3] startup
[2.697s] [ext: omni.kit.widget.search_delegate-1.0.9] startup
[2.698s] [ext: omni.ui.scene-2.0.3] startup
[2.702s] [ext: omni.kit.window.filepicker-2.15.5] startup
[2.714s] [ext: omni.kit.window.file_importer-1.1.21] startup
[2.716s] [ext: omni.kit.material.library-3.1.2] startup
[2.720s] [ext: isaacsim.asset.transformer.rules-1.7.10] startup
[2.730s] [ext: omni.usdex.libs-2.2.2] startup
[2.738s] [ext: isaacsim.asset.importer.mjcf-3.10.1] startup
[2.740s] [ext: isaacsim.asset.importer.urdf-3.11.2] startup
[2.743s] [ext: omni.kit.primitive.mesh-1.1.0] startup
[2.745s] [ext: omni.kit.stage_template.core-1.1.22] startup
[2.746s] [ext: omni.kit.stage_templates-2.0.2] startup
[2.747s] [ext: omni.usd.metrics.assembler-110.1.2] startup
[2.750s] [ext: omni.warp.core-1.13.0] startup
[2.917s] [ext: isaacsim.core.experimental.utils-0.17.2] startup
[2.918s] [ext: omni.physics.stageupdate-110.1.13] startup
[2.920s] [ext: omni.physics.tensors-110.1.13] startup
[2.924s] [ext: omni.physx.tensors-110.1.13] startup
[2.928s] [ext: isaacsim.core.simulation_manager-1.15.6] startup
[2.941s] [ext: isaacsim.storage.native-1.9.3] startup
[2.942s] [ext: omni.usd.metrics.assembler.physics-110.1.13] startup
[2.944s] [ext: isaacsim.core.utils-4.1.7] startup
[2.946s] [ext: isaacsim.core.prims-0.11.7] startup
[4.173s] [ext: isaacsim.core.api-5.2.13] startup
[4.182s] [ext: isaacsim.core.cloner-1.7.3] startup
[4.184s] [ext: isaacsim.test.docstring-1.3.2] startup
[4.188s] [ext: isaacsim.core.experimental.prims-1.8.9] startup
[4.212s] [ext: isaacsim.core.experimental.primdata-0.3.2] startup
[4.215s] [ext: omni.graph.tools-1.81.0] startup
[4.240s] [ext: omni.graph-1.142.5] startup
[4.278s] [ext: isaacsim.core.experimental.actuators-0.1.2] startup
[4.301s] [ext: isaacsim.core.experimental.materials-0.7.1] startup
[4.305s] [ext: isaacsim.core.experimental.objects-0.8.1] startup
[4.369s] [ext: omni.hydra.engine.stats-1.0.5] startup
[4.372s] [ext: omni.hydra.rtx.shadercache.vulkan-1.0.0] startup
[4.373s] [ext: omni.index.libs-387500.4413.0] startup
[4.373s] [ext: omni.index-1.0.1] startup
[4.374s] [ext: omni.ujitso.client-0.0.0] startup
[4.374s] [ext: omni.usd.schema.playback-1.0.0] startup
[4.378s] [ext: omni.volume-0.5.2] startup
[4.384s] [ext: omni.hydra.rtx-1.0.4] startup
2026-09-18T08:07:58Z [4,339ms] [Warning] [omni.log] Source: omni.hydra was already registered.
[4.420s] [ext: omni.kit.hydra_texture-1.6.0] startup
[4.424s] [ext: omni.kit.raycast.query-1.2.0] startup
[4.429s] [ext: omni.kit.viewport.legacy_gizmos-1.0.24] startup
[4.432s] [ext: omni.kit.viewport.registry-104.0.6] startup
[4.433s] [ext: omni.kit.viewport.scene_camera_model-1.0.7] startup
[4.438s] [ext: omni.kit.widget.viewport-109.2.0] startup
[4.442s] [ext: omni.kit.window.drop_support-1.0.8] startup
[4.443s] [ext: omni.kit.viewport.window-109.0.2] startup
[4.465s] [ext: omni.kit.viewport.utility-2.0.1] startup
[4.466s] [ext: isaacsim.core.rendering_manager-0.4.3] startup
[4.484s] [ext: omni.graph.action_core-1.1.9] startup
[4.487s] [ext: omni.graph.action_nodes_core-2.11.0] startup
[4.494s] [ext: omni.graph.action_nodes-2.11.0] startup
[4.559s] [ext: omni.graph.action-2.10.2] startup
[4.561s] [ext: omni.graph.image.core-0.6.1] startup
[4.562s] [ext: omni.graph.image.nodes-1.3.1] startup
[4.564s] [ext: omni.graph.nodes_core-2.11.0] startup
[4.571s] [ext: omni.graph.nodes-2.12.0] startup
[4.577s] [ext: omni.kit.hotkeys.core-1.3.12] startup
[4.579s] [ext: omni.kit.property.adapter.core-1.1.1] startup
[4.581s] [ext: omni.kit.property.adapter.usd-1.0.5] startup
[4.583s] [ext: omni.kit.widget.filter-1.1.5] startup
[4.584s] [ext: omni.kit.widget.highlight_label-1.0.3] startup
[4.585s] [ext: omni.kit.widget.searchfield-1.1.8] startup
[4.587s] [ext: omni.kit.window.file_exporter-1.0.36] startup
[4.588s] [ext: omni.kit.widget.stage-4.4.0] startup
[4.597s] [ext: omni.kit.window.content_browser_registry-0.0.6] startup
[4.599s] [ext: omni.kit.window.file-2.0.10] startup
[4.605s] [ext: omni.kit.window.content_browser-3.1.8] startup
[4.616s] [ext: omni.kit.window.property-1.15.1] startup
[4.629s] [ext: omni.kit.property.usd-4.9.4] startup
[4.640s] [ext: omni.graph.scriptnode-2.10.2] startup
[4.659s] [ext: omni.kit.widget.searchable_combobox-1.0.7] startup
[4.661s] [ext: omni.kit.widget.settings-2.0.0] startup
[4.663s] [ext: omni.kit.window.preferences-1.8.3] startup
[4.668s] [ext: omni.kit.viewport.menubar.core-107.2.2] startup
[4.680s] [ext: omni.syntheticdata-0.6.15] startup
[4.721s] [ext: omni.replicator.nv-1.1.1] startup
[4.728s] [ext: omni.videoencoding-0.2.1] startup
[4.730s] [ext: omni.replicator.core-1.13.27] startup
2026-09-18T08:07:58Z [4,679ms] [Warning] [pxr.Semantics] pxr.Semantics is deprecated - please use Semantics instead
Warp 1.13.0 initialized:
   CUDA Toolkit 12.9, Driver 13.0
   Devices:
     "cpu"      : "x86_64"
     "cuda:0"   : "NVIDIA RTX PRO 6000 Blackwell Server Edition" (95 GiB, sm_120, mempool enabled)
   Kernel cache:
     /root/.cache/warp/1.13.0
2026-09-18T08:07:58Z [4,766ms] [Warning] [omni.replicator.core.scripts.extension] No material configuration file, adding configuration to material settings directly.
[5.011s] [ext: isaacsim.core.nodes-5.10.5] startup
[5.056s] [ext: isaacsim.core.throttling-2.3.5] startup
[5.058s] [ext: omni.kit.manipulator.viewport-107.0.1] startup
[5.059s] [ext: omni.graph.visualization.nodes-2.1.4] startup
[5.080s] [ext: omni.kit.window.extensions-1.5.10] startup
[5.088s] [ext: isaacsim.gui.components-1.8.5] startup
[5.093s] [ext: isaacsim.robot.surface_gripper-3.6.2] startup
[5.110s] [ext: isaacsim.robot.manipulators-3.4.4] startup
[5.125s] [ext: isaacsim.robot_motion.lula-4.1.3] startup
[5.133s] [ext: isaacsim.robot_motion.motion_generation-8.2.9] startup
[5.140s] [ext: isaacsim.cortex.framework-1.0.18] startup
[5.142s] [ext: isaacsim.cortex.behaviors-2.0.17] startup
[5.144s] [ext: isaacsim.examples.base-1.3.2] startup
[5.147s] [ext: omni.kit.widget.zoombar-1.0.7] startup
[5.148s] [ext: omni.kit.browser.core-2.3.18] startup
[5.152s] [ext: omni.kit.browser.folder.core-2.0.2] startup
[5.157s] [ext: omni.kit.widget.stage_icons-1.0.8] startup
[5.159s] [ext: omni.kit.window.stage-2.6.1] startup
[5.163s] [ext: omni.kit.menu.stage-1.2.7] startup
[5.165s] [ext: omni.kit.usd.collect-3.0.6] startup
[5.169s] [ext: omni.kit.widget.prompt-1.0.7] startup
[5.170s] [ext: omni.kit.tool.collect-2.2.19] startup
[5.172s] [ext: isaacsim.examples.browser-0.3.2] startup
[5.175s] [ext: omni.kit.search.files-1.0.4] startup
[5.176s] [ext: omni.kit.widget.calendar-1.0.9] startup
[5.177s] [ext: omni.kit.widget.extended_searchfield-1.0.31] startup
[5.188s] [ext: omni.simready.content.browser-0.3.7] startup
[5.281s] [ext: isaacsim.gui.content_browser-0.4.3] startup
[5.284s] [ext: omni.kit.selection-0.1.6] startup
[5.286s] [ext: isaacsim.gui.menu-2.10.5] startup
[5.295s] [ext: isaacsim.gui.property-1.6.4] startup
[5.303s] [ext: omni.kit.viewport.actions-110.0.0] startup
[5.307s] [ext: omni.kit.viewport.menubar.display-107.1.3] startup
[5.309s] [ext: isaacsim.gui.sensors.icon-2.2.1] startup
[5.313s] [ext: omni.behavior.scripting.core-110.1.0] startup
[5.316s] [ext: isaacsim.replicator.behavior-1.5.4] startup
[5.317s] [ext: isaacsim.replicator.experimental.domain_randomization-1.2.5] startup
[5.339s] [ext: isaacsim.replicator.domain_randomization-1.2.2] startup
[5.422s] [ext: isaacsim.replicator.writers-1.5.4] startup
[5.455s] [ext: isaacsim.robot.experimental.wheeled_robots-0.2.11] startup
[5.478s] [ext: isaacsim.robot.policy.examples-5.2.12] startup
[5.501s] [ext: isaacsim.robot.wheeled_robots-5.2.4] startup
[5.505s] [ext: isaacsim.robot.wheeled_robots.nodes-0.1.5] startup
[5.538s] [ext: isaacsim.robot_motion.experimental.motion_generation-6.1.3] startup
[5.550s] [ext: isaacsim.robot_motion.cumotion-1.3.1] startup
[5.565s] [ext: omni.kit.numpy.common-0.1.3] startup
[5.567s] [ext: isaacsim.sensors.camera-1.7.9] startup
[5.596s] [ext: isaacsim.sensors.experimental.physics-3.0.2] startup
[5.606s] [ext: omni.sensors.net-1.0.1] startup
[5.615s] [ext: omni.sensors.nv.common-3.0.0] startup
[5.630s] [ext: omni.sensors.nv.materials-2.0.0] startup
[5.634s] [ext: omni.sensors.nv.acoustic-3.0.0] startup
[5.637s] [ext: omni.sensors.nv.ids-2.0.1] startup
[5.640s] [ext: omni.sensors.nv.lidar-3.0.0] startup
[5.645s] [ext: omni.sensors.nv.radar-3.0.0] startup
[5.648s] [ext: isaacsim.sensors.experimental.rtx-1.4.6] startup
[5.880s] [ext: isaacsim.sensors.physics.nodes-1.5.3] startup
[5.889s] [ext: isaacsim.util.debug_draw-3.2.3] startup
[5.897s] [ext: isaacsim.sensors.physx-2.5.5] startup
[5.906s] [ext: isaacsim.sensors.rtx-15.17.1] startup
[5.921s] [ext: isaacsim.simulation_app-2.18.4] startup
[5.921s] [ext: omni.anim.curve.core-1.6.0] startup
[5.934s] [ext: omni.graph.ui_nodes-2.11.1] startup
[5.970s] [ext: omni.hydra.scene_api-0.1.3] startup
[5.975s] [ext: omni.kit.manipulator.camera-110.0.0] startup
[5.980s] [ext: omni.kit.manipulator.selector-1.1.4] startup
[5.981s] [ext: omni.kit.manipulator.transform-107.0.0] startup
[5.986s] [ext: omni.kit.widget.toolbar-2.1.0] startup
[5.993s] [ext: omni.kit.manipulator.tool.snap-1.5.14] startup
[5.998s] [ext: omni.kit.viewport.manipulator.transform-107.0.4] startup
[6.000s] [ext: omni.kit.manipulator.prim.core-108.0.2] startup
[6.006s] [ext: omni.kit.manipulator.prim.usd-107.0.3] startup
[6.008s] [ext: omni.kit.manipulator.prim-108.0.0] startup
[6.008s] [ext: omni.kit.manipulator.selection-109.0.1] startup
[6.009s] [ext: omni.kit.menu.create-2.0.2] startup
[6.011s] [ext: omni.kit.property.audio-1.0.16] startup
[6.015s] [ext: omni.kit.property.camera-1.0.14] startup
[6.017s] [ext: omni.kit.property.geometry-2.1.2] startup
[6.021s] [ext: omni.kit.property.light-1.0.14] startup
2026-09-18T08:08:00Z [5,991ms] [Warning] [omni.usd] Encountered USD Warnings but USD Diagnostics are currently muted. To view USD Warnings, please set the '/persistent/app/usd/muteUsdDiagnostics' setting to false in Preferences page.
[6.113s] [ext: omni.kit.property.material-1.14.6] startup
[6.119s] [ext: omni.kit.property.render-1.2.2] startup
[6.121s] [ext: omni.kit.property.transform-1.6.9] startup
[6.125s] [ext: omni.kit.property.bundle-1.5.1] startup
[6.127s] [ext: omni.kit.usdz_export-1.1.0] startup
[6.130s] [ext: omni.kit.tool.asset_importer-6.0.1] startup
[6.135s] [ext: omni.kit.ui.actions-1.0.5] startup
[6.137s] [ext: omni.kit.viewport.menubar.camera-107.0.10] startup
[6.143s] [ext: omni.kit.viewport.menubar.lighting-107.3.2] startup
[6.146s] [ext: omni.kit.viewport.menubar.render-110.0.0] startup
[6.148s] [ext: omni.kit.viewport.menubar.settings-110.0.1] startup
[6.152s] [ext: omni.kit.window.console-1.1.9] startup
[6.156s] [ext: omni.kit.window.status_bar-0.1.11] startup
[6.160s] [ext: omni.kit.window.toolbar-3.0.3] startup
[6.163s] [ext: omni.ocio-0.1.1] startup
[6.165s] [ext: omni.physx.commands-110.1.13] startup
[6.168s] [ext: omni.replicator.replicator_yaml-2.0.12] startup
[6.182s] [ext: omni.rtx.window.settings-0.8.0] startup
[6.187s] [ext: omni.rtx.settings.core-0.7.1] startup
[6.191s] [ext: omni.usd.metrics.assembler.ui-110.1.1] startup
[6.198s] [ext: semantics.schema.editor-2.0.2] startup
[6.202s] [ext: semantics.schema.property-2.0.2] startup
[6.204s] [ext: omni.kit.menu.common-2.0.2] startup
[6.205s] [ext: isaacsim.exp.base-6.0.1] startup
[6.206s] [ext: isaacsim.exp.base.python-6.0.1] startup
[6.208s] Simulation App Starting
[8.557s] Simulation App Startup Complete
[8.568s] app ready
2026-09-18T08:08:03Z [9,173ms] [Warning] [rtx.hydra] Camera '/World/Rig/Sensors/C5_surround_right_up': Projection type 'fisheyePolynomial' is deprecated. Please use 'opencvFisheye', 'opencvPinhole', 'lut', or 'omniDirectionalStereo' instead.
2026-09-18T08:08:03Z [9,173ms] [Warning] [rtx.hydra] Camera '/World/Rig/Sensors/C6_surround_right_down': Projection type 'fisheyePolynomial' is deprecated. Please use 'opencvFisheye', 'opencvPinhole', 'lut', or 'omniDirectionalStereo' instead.
2026-09-18T08:08:03Z [9,173ms] [Warning] [rtx.hydra] Camera '/World/Rig/Sensors/C4_surround_left_down': Projection type 'fisheyePolynomial' is deprecated. Please use 'opencvFisheye', 'opencvPinhole', 'lut', or 'omniDirectionalStereo' instead.
2026-09-18T08:08:03Z [9,173ms] [Warning] [rtx.hydra] Camera '/World/Rig/Sensors/C1_front_left': Projection type 'fisheyePolynomial' is deprecated. Please use 'opencvFisheye', 'opencvPinhole', 'lut', or 'omniDirectionalStereo' instead.
2026-09-18T08:08:03Z [9,173ms] [Warning] [rtx.hydra] Camera '/World/Rig/Sensors/C2_front_right': Projection type 'fisheyePolynomial' is deprecated. Please use 'opencvFisheye', 'opencvPinhole', 'lut', or 'omniDirectionalStereo' instead.
2026-09-18T08:08:03Z [9,173ms] [Warning] [rtx.hydra] Camera '/World/Rig/Sensors/C3_surround_left_up': Projection type 'fisheyePolynomial' is deprecated. Please use 'opencvFisheye', 'opencvPinhole', 'lut', or 'omniDirectionalStereo' instead.
2026-09-18T08:08:03Z [9,455ms] [Warning] [omni.syntheticdata.plugin] OgnSdPostRenderVarToHost : rendervar copy from texture directly to host buffer is counter-performant. Please use copy from texture to device buffer first.
ANGLE C0 horizontal_-59 PASS [37.475600873998545, 539.9467407137655] 0.10207607439671615
ANGLE C0 horizontal_+59 PASS [1882.8660700015982, 539.8758989931276] 0.44635031602234504
ANGLE C0 horizontal_-61 PASS None None
ANGLE C0 horizontal_+61 PASS None None
ANGLE C0 vertical_-64 PASS [959.9959174472774, 23.819240595100936] 0.09841206386765365
2026-09-18T08:08:06Z [12,288ms] [Warning] [carb] Client omni.hydratexture.plugin has acquired [carb::settings::ISettings v1.1] 100 times. Consider accessing this interface with carb::getCachedInterface() (Performance warning)
ANGLE C0 vertical_+64 PASS [960.0458467094704, 1056.3047251203852] 0.05252853254557017
2026-09-18T08:08:07Z [12,840ms] [Warning] [carb] Client omni.hydratexture.plugin has acquired [carb::dictionary::IDictionary v1.2] 100 times. Consider accessing this interface with carb::getCachedInterface() (Performance warning)
ANGLE C0 vertical_-66 PASS None None
ANGLE C0 vertical_+66 PASS None None
2026-09-18T08:08:08Z [13,953ms] [Warning] [carb] Plugin interface for a client: omni.hydratexture.plugin was already released.
2026-09-18T08:08:08Z [14,157ms] [Warning] [rtx.hydra] Camera '/World/Rig/Sensors/C6_surround_right_down': Projection type 'fisheyePolynomial' is deprecated. Please use 'opencvFisheye', 'opencvPinhole', 'lut', or 'omniDirectionalStereo' instead.
2026-09-18T08:08:08Z [14,157ms] [Warning] [rtx.hydra] Camera '/World/Rig/Sensors/C3_surround_left_up': Projection type 'fisheyePolynomial' is deprecated. Please use 'opencvFisheye', 'opencvPinhole', 'lut', or 'omniDirectionalStereo' instead.
2026-09-18T08:08:08Z [14,157ms] [Warning] [rtx.hydra] Camera '/World/Rig/Sensors/C5_surround_right_up': Projection type 'fisheyePolynomial' is deprecated. Please use 'opencvFisheye', 'opencvPinhole', 'lut', or 'omniDirectionalStereo' instead.
2026-09-18T08:08:08Z [14,157ms] [Warning] [rtx.hydra] Camera '/World/Rig/Sensors/C4_surround_left_down': Projection type 'fisheyePolynomial' is deprecated. Please use 'opencvFisheye', 'opencvPinhole', 'lut', or 'omniDirectionalStereo' instead.
2026-09-18T08:08:08Z [14,157ms] [Warning] [rtx.hydra] Camera '/World/Rig/Sensors/C1_front_left': Projection type 'fisheyePolynomial' is deprecated. Please use 'opencvFisheye', 'opencvPinhole', 'lut', or 'omniDirectionalStereo' instead.
2026-09-18T08:08:08Z [14,157ms] [Warning] [rtx.hydra] Camera '/World/Rig/Sensors/C2_front_right': Projection type 'fisheyePolynomial' is deprecated. Please use 'opencvFisheye', 'opencvPinhole', 'lut', or 'omniDirectionalStereo' instead.
2026-09-18T08:08:08Z [14,380ms] [Warning] [rtx.hydra] Camera '/World/Rig/Sensors/C1_front_left': Projection type 'fisheyePolynomial' is deprecated. Please use 'opencvFisheye', 'opencvPinhole', 'lut', or 'omniDirectionalStereo' instead.
2026-09-18T08:08:08Z [14,539ms] [Warning] [omni.syntheticdata.plugin] SdRenderVarPtr missing valid input renderVar LdrColorSDhost
ANGLE C1 horizontal_-79 PASS [9.97282005768804, 649.975038828489] 0.036902701083833915
ANGLE C1 horizontal_+79 PASS [1589.9940639269405, 649.9762557077624] 0.024475056225267824
ANGLE C1 horizontal_-81 PASS None None
ANGLE C1 horizontal_+81 PASS None None
ANGLE C1 vertical_-64 PASS [799.9789322166973, 9.975791677571317] 0.03209196734541671
2026-09-18T08:08:11Z [17,010ms] [Warning] [carb] Client omni.kit.viewport.legacy_gizmos has acquired [carb::settings::ISettings v1.1] 100 times. Consider accessing this interface with carb::getCachedInterface() (Performance warning)
2026-09-18T08:08:11Z [17,010ms] [Warning] [carb] Client omni.kit.viewport.legacy_gizmos has acquired [carb::dictionary::IDictionary v1.2] 100 times. Consider accessing this interface with carb::getCachedInterface() (Performance warning)
ANGLE C1 vertical_+64 PASS [799.8810218978103, 1290.0220437956204] 0.12100296577360715
ANGLE C1 vertical_-66 PASS None None
ANGLE C1 vertical_+66 PASS None None
2026-09-18T08:08:12Z [18,532ms] [Warning] [carb] Plugin interface for a client: omni.hydratexture.plugin was already released.
2026-09-18T08:08:12Z [18,697ms] [Warning] [rtx.hydra] Camera '/World/Rig/Sensors/C2_front_right': Projection type 'fisheyePolynomial' is deprecated. Please use 'opencvFisheye', 'opencvPinhole', 'lut', or 'omniDirectionalStereo' instead.
2026-09-18T08:08:12Z [18,697ms] [Warning] [rtx.hydra] Camera '/World/Rig/Sensors/C5_surround_right_up': Projection type 'fisheyePolynomial' is deprecated. Please use 'opencvFisheye', 'opencvPinhole', 'lut', or 'omniDirectionalStereo' instead.
2026-09-18T08:08:12Z [18,697ms] [Warning] [rtx.hydra] Camera '/World/Rig/Sensors/C4_surround_left_down': Projection type 'fisheyePolynomial' is deprecated. Please use 'opencvFisheye', 'opencvPinhole', 'lut', or 'omniDirectionalStereo' instead.
2026-09-18T08:08:12Z [18,697ms] [Warning] [rtx.hydra] Camera '/World/Rig/Sensors/C1_front_left': Projection type 'fisheyePolynomial' is deprecated. Please use 'opencvFisheye', 'opencvPinhole', 'lut', or 'omniDirectionalStereo' instead.
2026-09-18T08:08:12Z [18,697ms] [Warning] [rtx.hydra] Camera '/World/Rig/Sensors/C3_surround_left_up': Projection type 'fisheyePolynomial' is deprecated. Please use 'opencvFisheye', 'opencvPinhole', 'lut', or 'omniDirectionalStereo' instead.
2026-09-18T08:08:12Z [18,697ms] [Warning] [rtx.hydra] Camera '/World/Rig/Sensors/C6_surround_right_down': Projection type 'fisheyePolynomial' is deprecated. Please use 'opencvFisheye', 'opencvPinhole', 'lut', or 'omniDirectionalStereo' instead.
2026-09-18T08:08:13Z [18,910ms] [Warning] [rtx.hydra] Camera '/World/Rig/Sensors/C3_surround_left_up': Projection type 'fisheyePolynomial' is deprecated. Please use 'opencvFisheye', 'opencvPinhole', 'lut', or 'omniDirectionalStereo' instead.
ANGLE C3 theta0_az0 FAIL None None
ANGLE C3 theta60_az0 FAIL None None
ANGLE C3 theta95_az0 FAIL None None
ANGLE C3 theta105_az0 FAIL None None
ANGLE C3 theta115_az0 PASS None None
ANGLE C3 theta105_az135 PASS [216.11513859275055, 803.8518123667378] 0.16449221127982738
2026-09-18T08:08:15Z [21,077ms] [Warning] [carb] Plugin interface for a client: omni.hydratexture.plugin was already released.
[21.210s] Simulation App Shutting Down
